2024-04-17 11:34:53 [36mINFO: [39m @vladmandic/human version 3.2.2 
2024-04-17 11:34:53 [36mINFO: [39m User: vlado Platform: linux Arch: x64 Node: v21.7.3 
2024-04-17 11:34:53 [36mINFO: [39m demos: [{"cmd":"../demo/nodejs/node.js","args":[]},{"cmd":"../demo/nodejs/node-simple.js","args":[]},{"cmd":"../demo/nodejs/node-event.js","args":["samples/in/ai-body.jpg"]},{"cmd":"../demo/nodejs/node-similarity.js","args":["samples/in/ai-face.jpg","samples/in/ai-upper.jpg"]},{"cmd":"../demo/nodejs/node-canvas.js","args":["samples/in/ai-body.jpg","samples/out/ai-body.jpg"]},{"cmd":"../demo/nodejs/process-folder.js","args":["samples"]},{"cmd":"../demo/multithread/node-multiprocess.js","args":[]},{"cmd":"../demo/facematch/node-match.js","args":[]},{"cmd":"../demo/nodejs/node-bench.js","args":[]},{"cmd":"../test/test-node-emotion.js","args":[]}] 
2024-04-17 11:34:53 [36mINFO: [39m {"cmd":"../demo/nodejs/node.js","args":[]} start 
2024-04-17 11:34:55 [36mINFO: [39m {"cmd":"../demo/nodejs/node-simple.js","args":[]} start 
2024-04-17 11:34:55 [36mINFO: [39m {"cmd":"../demo/nodejs/node-event.js","args":["samples/in/ai-body.jpg"]} start 
2024-04-17 11:34:56 [36mINFO: [39m {"cmd":"../demo/nodejs/node-similarity.js","args":["samples/in/ai-face.jpg","samples/in/ai-upper.jpg"]} start 
2024-04-17 11:34:56 [36mINFO: [39m {"cmd":"../demo/nodejs/node-canvas.js","args":["samples/in/ai-body.jpg","samples/out/ai-body.jpg"]} start 
2024-04-17 11:34:57 [36mINFO: [39m {"cmd":"../demo/nodejs/process-folder.js","args":["samples"]} start 
2024-04-17 11:34:58 [36mINFO: [39m {"cmd":"../demo/multithread/node-multiprocess.js","args":[]} start 
2024-04-17 11:35:10 [36mINFO: [39m {"cmd":"../demo/facematch/node-match.js","args":[]} start 
2024-04-17 11:35:11 [36mINFO: [39m {"cmd":"../demo/nodejs/node-bench.js","args":[]} start 
2024-04-17 11:35:23 [36mINFO: [39m {"cmd":"../test/test-node-emotion.js","args":[]} start 
2024-04-17 11:35:29 [36mINFO: [39m tests: ["test-node-load.js","test-node-gear.js","test-backend-node.js","test-backend-node-gpu.js","test-backend-node-wasm.js"] 
2024-04-17 11:35:29 [36mINFO: [39m 
2024-04-17 11:35:29 [36mINFO: [39m test-node-load.js start 
2024-04-17 11:35:29 [36mINFO: [39m test-node-load.js load start {"human":"3.2.2","tf":"4.17.0","progress":0} 
2024-04-17 11:35:29 [32mDATA: [39m test-node-load.js load interval {"elapsed":0,"progress":0} 
2024-04-17 11:35:29 [32mDATA: [39m test-node-load.js load interval {"elapsed":11,"progress":0} 
2024-04-17 11:35:29 [32mDATA: [39m test-node-load.js load interval {"elapsed":28,"progress":0.12865823126207815} 
2024-04-17 11:35:29 [32mDATA: [39m test-node-load.js load interval {"elapsed":61,"progress":0.4726970548784964} 
2024-04-17 11:35:29 [32mDATA: [39m test-node-load.js load interval {"elapsed":71,"progress":0.68355493315821} 
2024-04-17 11:35:29 [35mSTATE:[39m test-node-load.js passed {"progress":1} 
2024-04-17 11:35:29 [36mINFO: [39m test-node-load.js load final {"progress":1} 
2024-04-17 11:35:29 [32mDATA: [39m test-node-load.js load interval {"elapsed":441,"progress":1} 
2024-04-17 11:35:29 [36mINFO: [39m 
2024-04-17 11:35:29 [36mINFO: [39m test-node-gear.js start 
2024-04-17 11:35:29 [32mDATA: [39m test-node-gear.js input: ["samples/in/ai-face.jpg"] 
2024-04-17 11:35:30 [35mSTATE:[39m test-node-gear.js passed: gear faceres samples/in/ai-face.jpg 
2024-04-17 11:35:30 [32mDATA: [39m test-node-gear.js results {"face":0,"model":"faceres","image":"samples/in/ai-face.jpg","age":23.6,"gender":"female","genderScore":0.95,"emotion":[]} 
2024-04-17 11:35:30 [35mSTATE:[39m test-node-gear.js passed: gear gear samples/in/ai-face.jpg 
2024-04-17 11:35:30 [32mDATA: [39m test-node-gear.js results {"face":0,"model":"gear","image":"samples/in/ai-face.jpg","age":23.8,"gender":"male","genderScore":0.91,"race":[{"score":0.99,"race":"white"}],"emotion":[]} 
2024-04-17 11:35:30 [35mSTATE:[39m test-node-gear.js passed: gear ssrnet samples/in/ai-face.jpg 
2024-04-17 11:35:30 [32mDATA: [39m test-node-gear.js results {"face":0,"model":"ssrnet","image":"samples/in/ai-face.jpg","age":23.1,"gender":"female","genderScore":0.99,"emotion":[]} 
2024-04-17 11:35:31 [35mSTATE:[39m test-node-gear.js passed: gear ssrnet samples/in/ai-face.jpg 
2024-04-17 11:35:31 [32mDATA: [39m test-node-gear.js results {"face":0,"model":"ssrnet","image":"samples/in/ai-face.jpg","age":23.1,"gender":"male","emotion":[]} 
2024-04-17 11:35:31 [36mINFO: [39m 
2024-04-17 11:35:31 [36mINFO: [39m test-backend-node.js start 
2024-04-17 11:35:31 [36mINFO: [39m test-backend-node.js test: configuration validation 
2024-04-17 11:35:31 [35mSTATE:[39m test-backend-node.js passed: configuration default validation [] 
2024-04-17 11:35:31 [35mSTATE:[39m test-backend-node.js passed: configuration invalid validation [{"reason":"unknown property","where":"config.invalid = true"}] 
2024-04-17 11:35:31 [36mINFO: [39m test-backend-node.js test: model load 
2024-04-17 11:35:31 [35mSTATE:[39m test-backend-node.js passed: models loaded 11 11 [{"name":"antispoof","loaded":true,"size":853098,"url":"file://models/antispoof.json"},{"name":"blazeface","loaded":true,"size":538928,"url":"file://models/blazeface.json"},{"name":"liveness","loaded":true,"size":592976,"url":"file://models/liveness.json"},{"name":"emotion","loaded":true,"size":820516,"url":"file://models/emotion.json"},{"name":"facemesh","loaded":true,"size":1477958,"url":"file://models/facemesh.json"},{"name":"handskeleton","loaded":true,"size":0,"url":"file://models/handlandmark-lite.json"},{"name":"iris","loaded":true,"size":2599092,"url":"file://models/iris.json"},{"name":"handtrack","loaded":true,"size":2964837,"url":"file://models/handtrack.json"},{"name":"centernet","loaded":true,"size":4030290,"url":"file://models/centernet.json"},{"name":"movenet","loaded":true,"size":4650216,"url":"file://models/movenet-lightning.json"},{"name":"faceres","loaded":true,"size":6978814,"url":"file://models/faceres.json"}] 
2024-04-17 11:35:31 [36mINFO: [39m test-backend-node.js memory: {"memory":{"unreliable":true,"numTensors":1785,"numDataBuffers":1785,"numBytes":56431460}} 
2024-04-17 11:35:31 [36mINFO: [39m test-backend-node.js state: {"state":{"registeredVariables":{},"nextTapeNodeId":0,"numBytes":56431460,"numTensors":1785,"numStringTensors":0,"numDataBuffers":1785,"gradientDepth":0,"kernelDepth":0,"scopeStack":[],"numDataMovesStack":[],"nextScopeId":0,"tensorInfo":{},"profiling":false,"activeProfile":{"newBytes":0,"newTensors":0,"peakBytes":0,"kernels":[],"result":null,"kernelNames":[]}}} 
2024-04-17 11:35:31 [36mINFO: [39m test-backend-node.js test: warmup 
2024-04-17 11:35:31 [35mSTATE:[39m test-backend-node.js passed: create human 
2024-04-17 11:35:31 [36mINFO: [39m test-backend-node.js human version: 3.2.2 
2024-04-17 11:35:31 [36mINFO: [39m test-backend-node.js platform:  agent:  
2024-04-17 11:35:31 [36mINFO: [39m test-backend-node.js tfjs version: 4.17.0 
2024-04-17 11:35:31 [36mINFO: [39m test-backend-node.js env: {"browser":false,"node":true,"platform":"","agent":"","backends":["cpu","tensorflow"],"initial":false,"tfjs":{"version":"4.17.0"},"offscreen":false,"perfadd":false,"tensorflow":{"version":"2.9.1","gpu":false},"wasm":{"supported":true,"backend":false},"webgl":{"supported":false,"backend":false},"webgpu":{"supported":false,"backend":false},"cpu":{"flags":[]},"kernels":172} 
2024-04-17 11:35:31 [35mSTATE:[39m test-backend-node.js passed: set backend: tensorflow 
2024-04-17 11:35:31 [35mSTATE:[39m test-backend-node.js tensors 1785 
2024-04-17 11:35:31 [35mSTATE:[39m test-backend-node.js  result: defined models: 11 loaded models: 11 
2024-04-17 11:35:31 [35mSTATE:[39m test-backend-node.js passed: load models 11 
2024-04-17 11:35:31 [35mSTATE:[39m test-backend-node.js passed: warmup: none default 
2024-04-17 11:35:31 [32mDATA: [39m test-backend-node.js  result: face: 0 body: 0 hand: 0 gesture: 0 object: 0 person: 0 {} {} {} 
2024-04-17 11:35:31 [32mDATA: [39m test-backend-node.js  result: performance: load: null total: null 
2024-04-17 11:35:31 [35mSTATE:[39m test-backend-node.js passed: warmup none result match 
2024-04-17 11:35:31 [35mSTATE:[39m test-backend-node.js event: image 
2024-04-17 11:35:31 [35mSTATE:[39m test-backend-node.js event: detect 
2024-04-17 11:35:31 [35mSTATE:[39m test-backend-node.js event: warmup 
2024-04-17 11:35:31 [35mSTATE:[39m test-backend-node.js passed: warmup: face default 
2024-04-17 11:35:31 [32mDATA: [39m test-backend-node.js  result: face: 1 body: 1 hand: 1 gesture: 6 object: 1 person: 1 {"score":1,"age":23.6,"gender":"female"} {"score":0.82,"class":"person"} {"score":0.42,"keypoints":4} 
2024-04-17 11:35:31 [32mDATA: [39m test-backend-node.js  result: performance: load: null total: 435 
2024-04-17 11:35:31 [35mSTATE:[39m test-backend-node.js passed: warmup face result match 
2024-04-17 11:35:31 [35mSTATE:[39m test-backend-node.js event: image 
2024-04-17 11:35:32 [35mSTATE:[39m test-backend-node.js event: detect 
2024-04-17 11:35:32 [35mSTATE:[39m test-backend-node.js event: warmup 
2024-04-17 11:35:32 [35mSTATE:[39m test-backend-node.js passed: warmup: body default 
2024-04-17 11:35:32 [32mDATA: [39m test-backend-node.js  result: face: 1 body: 1 hand: 1 gesture: 7 object: 1 person: 1 {"score":1,"age":23.6,"gender":"female"} {"score":0.72,"class":"person"} {"score":0.92,"keypoints":17} 
2024-04-17 11:35:32 [32mDATA: [39m test-backend-node.js  result: performance: load: null total: 337 
2024-04-17 11:35:32 [35mSTATE:[39m test-backend-node.js passed: warmup body result match 
2024-04-17 11:35:32 [35mSTATE:[39m test-backend-node.js details: {"face":{"boxScore":0.93,"faceScore":1,"age":23.6,"gender":"female","genderScore":0.97},"emotion":[{"score":0.47,"emotion":"angry"},{"score":0.32,"emotion":"fear"},{"score":0.1,"emotion":"neutral"}],"body":{"score":0.92,"keypoints":17},"hand":{"boxScore":0.52,"fingerScore":0.73,"keypoints":21},"gestures":[{"face":0,"gesture":"facing right"},{"face":0,"gesture":"mouth 16% open"},{"hand":0,"gesture":"pinky forward"},{"hand":0,"gesture":"thumb up"},{"hand":0,"gesture":"open palm"},{"iris":0,"gesture":"looking left"},{"iris":0,"gesture":"looking up"}]} 
2024-04-17 11:35:32 [36mINFO: [39m test-backend-node.js test: details verification 
2024-04-17 11:35:32 [35mSTATE:[39m test-backend-node.js start default 
2024-04-17 11:35:32 [35mSTATE:[39m test-backend-node.js passed: load image: samples/in/ai-body.jpg [1,1200,1200,3] {"checksum":1004796864} 
2024-04-17 11:35:32 [35mSTATE:[39m test-backend-node.js event: image 
2024-04-17 11:35:32 [35mSTATE:[39m test-backend-node.js event: detect 
2024-04-17 11:35:32 [35mSTATE:[39m test-backend-node.js passed: detect: samples/in/ai-body.jpg default 
2024-04-17 11:35:32 [32mDATA: [39m test-backend-node.js  result: face: 1 body: 1 hand: 1 gesture: 7 object: 1 person: 1 {"score":1,"age":23.6,"gender":"female"} {"score":0.72,"class":"person"} {"score":0.92,"keypoints":17} 
2024-04-17 11:35:32 [32mDATA: [39m test-backend-node.js  result: performance: load: null total: 311 
2024-04-17 11:35:32 [35mSTATE:[39m test-backend-node.js passed: details face length 1 
2024-04-17 11:35:32 [35mSTATE:[39m test-backend-node.js passed: details face score 1 0.93 1 
2024-04-17 11:35:32 [35mSTATE:[39m test-backend-node.js passed: details face age/gender 23.6 female 0.97 2.34 
2024-04-17 11:35:32 [35mSTATE:[39m test-backend-node.js passed: details face arrays 4 478 1024 
2024-04-17 11:35:32 [35mSTATE:[39m test-backend-node.js passed: details face emotion 3 {"score":0.48,"emotion":"angry"} 
2024-04-17 11:35:32 [35mSTATE:[39m test-backend-node.js passed: details face anti-spoofing 0.8 
2024-04-17 11:35:32 [35mSTATE:[39m test-backend-node.js passed: details face liveness 0.93 
2024-04-17 11:35:32 [35mSTATE:[39m test-backend-node.js passed: details body length 1 
2024-04-17 11:35:32 [35mSTATE:[39m test-backend-node.js passed: details body 0.92 17 6 
2024-04-17 11:35:32 [35mSTATE:[39m test-backend-node.js passed: details hand length 1 
2024-04-17 11:35:32 [35mSTATE:[39m test-backend-node.js passed: details hand 0.51 0.73 point 
2024-04-17 11:35:32 [35mSTATE:[39m test-backend-node.js passed: details hand arrays 21 5 7 
2024-04-17 11:35:32 [35mSTATE:[39m test-backend-node.js passed: details gesture length 7 
2024-04-17 11:35:32 [35mSTATE:[39m test-backend-node.js passed: details gesture first {"face":0,"gesture":"facing right"} 
2024-04-17 11:35:32 [35mSTATE:[39m test-backend-node.js passed: details object length 1 
2024-04-17 11:35:32 [35mSTATE:[39m test-backend-node.js passed: details object 0.72 person 
2024-04-17 11:35:32 [35mSTATE:[39m test-backend-node.js passed: load image: samples/in/ai-body.jpg [1,1200,1200,4] {"checksum":1371996928} 
2024-04-17 11:35:32 [35mSTATE:[39m test-backend-node.js event: image 
2024-04-17 11:35:33 [35mSTATE:[39m test-backend-node.js event: detect 
2024-04-17 11:35:33 [35mSTATE:[39m test-backend-node.js passed: tensor shape: [1,1200,1200,4] dtype: float32 
2024-04-17 11:35:33 [35mSTATE:[39m test-backend-node.js passed: load image: samples/in/ai-body.jpg [1200,1200,4] {"checksum":1371996928} 
2024-04-17 11:35:33 [35mSTATE:[39m test-backend-node.js event: image 
2024-04-17 11:35:33 [35mSTATE:[39m test-backend-node.js event: detect 
2024-04-17 11:35:33 [35mSTATE:[39m test-backend-node.js passed: tensor shape: [1200,1200,4] dtype: float32 
2024-04-17 11:35:33 [35mSTATE:[39m test-backend-node.js passed: load image: samples/in/ai-body.jpg [1,1200,1200,3] {"checksum":1004796864} 
2024-04-17 11:35:33 [35mSTATE:[39m test-backend-node.js event: image 
2024-04-17 11:35:34 [35mSTATE:[39m test-backend-node.js event: detect 
2024-04-17 11:35:34 [35mSTATE:[39m test-backend-node.js passed: tensor shape: [1,1200,1200,3] dtype: float32 
2024-04-17 11:35:34 [35mSTATE:[39m test-backend-node.js passed: load image: samples/in/ai-body.jpg [1200,1200,3] {"checksum":1004796864} 
2024-04-17 11:35:34 [35mSTATE:[39m test-backend-node.js event: image 
2024-04-17 11:35:34 [35mSTATE:[39m test-backend-node.js event: detect 
2024-04-17 11:35:34 [35mSTATE:[39m test-backend-node.js passed: tensor shape: [1200,1200,3] dtype: float32 
2024-04-17 11:35:34 [35mSTATE:[39m test-backend-node.js passed: load image: samples/in/ai-body.jpg [1,1200,1200,4] {"checksum":1371996871} 
2024-04-17 11:35:34 [35mSTATE:[39m test-backend-node.js event: image 
2024-04-17 11:35:35 [35mSTATE:[39m test-backend-node.js event: detect 
2024-04-17 11:35:35 [35mSTATE:[39m test-backend-node.js passed: tensor shape: [1,1200,1200,4] dtype: int32 
2024-04-17 11:35:35 [36mINFO: [39m test-backend-node.js test default 
2024-04-17 11:35:35 [35mSTATE:[39m test-backend-node.js start async 
2024-04-17 11:35:35 [35mSTATE:[39m test-backend-node.js passed: load image: samples/in/ai-body.jpg [1,1200,1200,3] {"checksum":1004796864} 
2024-04-17 11:35:35 [35mSTATE:[39m test-backend-node.js event: image 
2024-04-17 11:35:35 [35mSTATE:[39m test-backend-node.js event: detect 
2024-04-17 11:35:35 [35mSTATE:[39m test-backend-node.js passed: detect: samples/in/ai-body.jpg async 
2024-04-17 11:35:35 [32mDATA: [39m test-backend-node.js  result: face: 1 body: 1 hand: 1 gesture: 7 object: 1 person: 1 {"score":1,"age":23.6,"gender":"female"} {"score":0.72,"class":"person"} {"score":0.92,"keypoints":17} 
2024-04-17 11:35:35 [32mDATA: [39m test-backend-node.js  result: performance: load: null total: 325 
2024-04-17 11:35:35 [35mSTATE:[39m test-backend-node.js passed: default result face match 1 female 0.97 
2024-04-17 11:35:35 [36mINFO: [39m test-backend-node.js test sync 
2024-04-17 11:35:35 [35mSTATE:[39m test-backend-node.js start sync 
2024-04-17 11:35:35 [35mSTATE:[39m test-backend-node.js passed: load image: samples/in/ai-body.jpg [1,1200,1200,3] {"checksum":1004796864} 
2024-04-17 11:35:35 [35mSTATE:[39m test-backend-node.js event: image 
2024-04-17 11:35:36 [35mSTATE:[39m test-backend-node.js event: detect 
2024-04-17 11:35:36 [35mSTATE:[39m test-backend-node.js passed: detect: samples/in/ai-body.jpg sync 
2024-04-17 11:35:36 [32mDATA: [39m test-backend-node.js  result: face: 1 body: 1 hand: 1 gesture: 7 object: 1 person: 1 {"score":1,"age":23.6,"gender":"female"} {"score":0.72,"class":"person"} {"score":0.92,"keypoints":17} 
2024-04-17 11:35:36 [32mDATA: [39m test-backend-node.js  result: performance: load: null total: 319 
2024-04-17 11:35:36 [35mSTATE:[39m test-backend-node.js passed: default sync 1 female 0.97 
2024-04-17 11:35:36 [36mINFO: [39m test-backend-node.js test: image process 
2024-04-17 11:35:36 [35mSTATE:[39m test-backend-node.js passed: load image: samples/in/ai-face.jpg [1,256,256,3] {"checksum":34696120} 
2024-04-17 11:35:36 [35mSTATE:[39m test-backend-node.js passed: image input null [1,256,256,3] 
2024-04-17 11:35:36 [36mINFO: [39m test-backend-node.js test: image null 
2024-04-17 11:35:36 [35mSTATE:[39m test-backend-node.js passed: invalid input could not convert input to tensor 
2024-04-17 11:35:36 [36mINFO: [39m test-backend-node.js test face similarity 
2024-04-17 11:35:36 [35mSTATE:[39m test-backend-node.js start face similarity 
2024-04-17 11:35:36 [35mSTATE:[39m test-backend-node.js passed: load image: samples/in/ai-face.jpg [1,256,256,3] {"checksum":34696120} 
2024-04-17 11:35:36 [35mSTATE:[39m test-backend-node.js event: image 
2024-04-17 11:35:36 [35mSTATE:[39m test-backend-node.js event: detect 
2024-04-17 11:35:36 [35mSTATE:[39m test-backend-node.js passed: detect: samples/in/ai-face.jpg face similarity 
2024-04-17 11:35:36 [32mDATA: [39m test-backend-node.js  result: face: 1 body: 1 hand: 1 gesture: 6 object: 1 person: 1 {"score":1,"age":23.6,"gender":"female"} {"score":0.82,"class":"person"} {"score":0.47,"keypoints":3} 
2024-04-17 11:35:36 [32mDATA: [39m test-backend-node.js  result: performance: load: null total: 331 
2024-04-17 11:35:36 [35mSTATE:[39m test-backend-node.js start face similarity 
2024-04-17 11:35:36 [35mSTATE:[39m test-backend-node.js passed: load image: samples/in/ai-body.jpg [1,1200,1200,3] {"checksum":1004796864} 
2024-04-17 11:35:36 [35mSTATE:[39m test-backend-node.js event: image 
2024-04-17 11:35:37 [35mSTATE:[39m test-backend-node.js event: detect 
2024-04-17 11:35:37 [35mSTATE:[39m test-backend-node.js passed: detect: samples/in/ai-body.jpg face similarity 
2024-04-17 11:35:37 [32mDATA: [39m test-backend-node.js  result: face: 1 body: 1 hand: 1 gesture: 7 object: 1 person: 1 {"score":1,"age":23.6,"gender":"female"} {"score":0.72,"class":"person"} {"score":0.92,"keypoints":17} 
2024-04-17 11:35:37 [32mDATA: [39m test-backend-node.js  result: performance: load: null total: 317 
2024-04-17 11:35:37 [35mSTATE:[39m test-backend-node.js start face similarity 
2024-04-17 11:35:37 [35mSTATE:[39m test-backend-node.js passed: load image: samples/in/ai-upper.jpg [1,720,688,3] {"checksum":151289024} 
2024-04-17 11:35:37 [35mSTATE:[39m test-backend-node.js event: image 
2024-04-17 11:35:37 [35mSTATE:[39m test-backend-node.js event: detect 
2024-04-17 11:35:37 [35mSTATE:[39m test-backend-node.js passed: detect: samples/in/ai-upper.jpg face similarity 
2024-04-17 11:35:37 [32mDATA: [39m test-backend-node.js  result: face: 1 body: 1 hand: 0 gesture: 4 object: 1 person: 1 {"score":1,"age":23.5,"gender":"female"} {"score":0.71,"class":"person"} {"score":0.75,"keypoints":7} 
2024-04-17 11:35:37 [32mDATA: [39m test-backend-node.js  result: performance: load: null total: 280 
2024-04-17 11:35:37 [35mSTATE:[39m test-backend-node.js passed: face descriptor 
2024-04-17 11:35:37 [35mSTATE:[39m test-backend-node.js passed: face similarity {"similarity":[1,0.4330948336032283,0.5651910602345114],"descriptors":[1024,1024,1024]} 
2024-04-17 11:35:37 [36mINFO: [39m test-backend-node.js test object 
2024-04-17 11:35:37 [35mSTATE:[39m test-backend-node.js start object 
2024-04-17 11:35:37 [35mSTATE:[39m test-backend-node.js passed: load image: samples/in/ai-body.jpg [1,1200,1200,3] {"checksum":1004796864} 
2024-04-17 11:35:37 [35mSTATE:[39m test-backend-node.js event: image 
2024-04-17 11:35:37 [35mSTATE:[39m test-backend-node.js event: detect 
2024-04-17 11:35:37 [35mSTATE:[39m test-backend-node.js passed: detect: samples/in/ai-body.jpg object 
2024-04-17 11:35:37 [32mDATA: [39m test-backend-node.js  result: face: 1 body: 1 hand: 1 gesture: 7 object: 1 person: 1 {"score":1,"age":23.6,"gender":"female"} {"score":0.72,"class":"person"} {"score":0.92,"keypoints":17} 
2024-04-17 11:35:37 [32mDATA: [39m test-backend-node.js  result: performance: load: null total: 299 
2024-04-17 11:35:37 [35mSTATE:[39m test-backend-node.js passed: centernet 
2024-04-17 11:35:37 [35mSTATE:[39m test-backend-node.js start object 
2024-04-17 11:35:38 [35mSTATE:[39m test-backend-node.js passed: load image: samples/in/ai-body.jpg [1,1200,1200,3] {"checksum":1004796864} 
2024-04-17 11:35:38 [35mSTATE:[39m test-backend-node.js event: image 
2024-04-17 11:35:38 [35mSTATE:[39m test-backend-node.js event: detect 
2024-04-17 11:35:38 [35mSTATE:[39m test-backend-node.js passed: detect: samples/in/ai-body.jpg object 
2024-04-17 11:35:38 [32mDATA: [39m test-backend-node.js  result: face: 1 body: 1 hand: 1 gesture: 7 object: 3 person: 1 {"score":1,"age":23.6,"gender":"female"} {"score":0.86,"class":"person"} {"score":0.92,"keypoints":17} 
2024-04-17 11:35:38 [32mDATA: [39m test-backend-node.js  result: performance: load: null total: 294 
2024-04-17 11:35:38 [35mSTATE:[39m test-backend-node.js passed: nanodet 
2024-04-17 11:35:38 [36mINFO: [39m test-backend-node.js test sensitive 
2024-04-17 11:35:38 [35mSTATE:[39m test-backend-node.js start sensitive 
2024-04-17 11:35:38 [35mSTATE:[39m test-backend-node.js passed: load image: samples/in/ai-body.jpg [1,1200,1200,3] {"checksum":1004796864} 
2024-04-17 11:35:38 [35mSTATE:[39m test-backend-node.js event: image 
2024-04-17 11:35:39 [35mSTATE:[39m test-backend-node.js event: detect 
2024-04-17 11:35:39 [35mSTATE:[39m test-backend-node.js passed: detect: samples/in/ai-body.jpg sensitive 
2024-04-17 11:35:39 [32mDATA: [39m test-backend-node.js  result: face: 1 body: 1 hand: 2 gesture: 9 object: 0 person: 1 {"score":1,"age":23.6,"gender":"female"} {} {"score":0.92,"keypoints":17} 
2024-04-17 11:35:39 [32mDATA: [39m test-backend-node.js  result: performance: load: null total: 272 
2024-04-17 11:35:39 [35mSTATE:[39m test-backend-node.js passed: sensitive result match 
2024-04-17 11:35:39 [35mSTATE:[39m test-backend-node.js passed: sensitive face result match 
2024-04-17 11:35:39 [35mSTATE:[39m test-backend-node.js passed: sensitive face emotion result [{"score":0.48,"emotion":"angry"},{"score":0.31,"emotion":"fear"},{"score":0.11,"emotion":"neutral"}] 
2024-04-17 11:35:39 [35mSTATE:[39m test-backend-node.js passed: sensitive body result match 
2024-04-17 11:35:39 [35mSTATE:[39m test-backend-node.js passed: sensitive hand result match 
2024-04-17 11:35:39 [36mINFO: [39m test-backend-node.js test body 
2024-04-17 11:35:39 [35mSTATE:[39m test-backend-node.js start blazepose 
2024-04-17 11:35:40 [35mSTATE:[39m test-backend-node.js passed: load image: samples/in/ai-body.jpg [1,1200,1200,3] {"checksum":1004796864} 
2024-04-17 11:35:40 [35mSTATE:[39m test-backend-node.js event: image 
2024-04-17 11:35:40 [35mSTATE:[39m test-backend-node.js event: detect 
2024-04-17 11:35:40 [35mSTATE:[39m test-backend-node.js passed: detect: samples/in/ai-body.jpg blazepose 
2024-04-17 11:35:40 [32mDATA: [39m test-backend-node.js  result: face: 1 body: 1 hand: 2 gesture: 9 object: 0 person: 1 {"score":1,"age":23.6,"gender":"female"} {} {"score":0.99,"keypoints":39} 
2024-04-17 11:35:40 [32mDATA: [39m test-backend-node.js  result: performance: load: null total: 384 
2024-04-17 11:35:40 [35mSTATE:[39m test-backend-node.js passed: blazepose 
2024-04-17 11:35:40 [35mSTATE:[39m test-backend-node.js start efficientpose 
2024-04-17 11:35:41 [35mSTATE:[39m test-backend-node.js passed: load image: samples/in/ai-body.jpg [1,1200,1200,3] {"checksum":1004796864} 
2024-04-17 11:35:41 [35mSTATE:[39m test-backend-node.js event: image 
2024-04-17 11:35:41 [35mSTATE:[39m test-backend-node.js event: detect 
2024-04-17 11:35:41 [35mSTATE:[39m test-backend-node.js passed: detect: samples/in/ai-body.jpg efficientpose 
2024-04-17 11:35:41 [32mDATA: [39m test-backend-node.js  result: face: 1 body: 1 hand: 2 gesture: 9 object: 0 person: 1 {"score":1,"age":23.6,"gender":"female"} {} {"score":0.75,"keypoints":13} 
2024-04-17 11:35:41 [32mDATA: [39m test-backend-node.js  result: performance: load: null total: 315 
2024-04-17 11:35:41 [35mSTATE:[39m test-backend-node.js passed: efficientpose 
2024-04-17 11:35:41 [35mSTATE:[39m test-backend-node.js start posenet 
2024-04-17 11:35:41 [35mSTATE:[39m test-backend-node.js passed: load image: samples/in/ai-body.jpg [1,1200,1200,3] {"checksum":1004796864} 
2024-04-17 11:35:41 [35mSTATE:[39m test-backend-node.js event: image 
2024-04-17 11:35:42 [35mSTATE:[39m test-backend-node.js event: detect 
2024-04-17 11:35:42 [35mSTATE:[39m test-backend-node.js passed: detect: samples/in/ai-body.jpg posenet 
2024-04-17 11:35:42 [32mDATA: [39m test-backend-node.js  result: face: 1 body: 1 hand: 2 gesture: 9 object: 0 person: 1 {"score":1,"age":23.6,"gender":"female"} {} {"score":0.96,"keypoints":16} 
2024-04-17 11:35:42 [32mDATA: [39m test-backend-node.js  result: performance: load: null total: 249 
2024-04-17 11:35:42 [35mSTATE:[39m test-backend-node.js passed: posenet 
2024-04-17 11:35:42 [35mSTATE:[39m test-backend-node.js start movenet 
2024-04-17 11:35:42 [35mSTATE:[39m test-backend-node.js passed: load image: samples/in/ai-body.jpg [1,1200,1200,3] {"checksum":1004796864} 
2024-04-17 11:35:42 [35mSTATE:[39m test-backend-node.js event: image 
2024-04-17 11:35:42 [35mSTATE:[39m test-backend-node.js event: detect 
2024-04-17 11:35:42 [35mSTATE:[39m test-backend-node.js passed: detect: samples/in/ai-body.jpg movenet 
2024-04-17 11:35:42 [32mDATA: [39m test-backend-node.js  result: face: 1 body: 1 hand: 2 gesture: 9 object: 0 person: 1 {"score":1,"age":23.6,"gender":"female"} {} {"score":0.92,"keypoints":17} 
2024-04-17 11:35:42 [32mDATA: [39m test-backend-node.js  result: performance: load: null total: 253 
2024-04-17 11:35:42 [35mSTATE:[39m test-backend-node.js passed: movenet 
2024-04-17 11:35:42 [36mINFO: [39m test-backend-node.js test face matching 
2024-04-17 11:35:42 [35mSTATE:[39m test-backend-node.js passed: face database 40 
2024-04-17 11:35:42 [35mSTATE:[39m test-backend-node.js passed: face match {"first":{"index":4,"similarity":0.7809386318742207}} {"second":{"index":4,"similarity":0.5025798625267902}} {"third":{"index":4,"similarity":0.5405999818839267}} 
2024-04-17 11:35:42 [36mINFO: [39m test-backend-node.js test face similarity alternative 
2024-04-17 11:35:42 [35mSTATE:[39m test-backend-node.js start face embeddings 
2024-04-17 11:35:43 [35mSTATE:[39m test-backend-node.js passed: load image: samples/in/ai-face.jpg [1,256,256,3] {"checksum":34696120} 
2024-04-17 11:35:43 [35mSTATE:[39m test-backend-node.js event: image 
2024-04-17 11:35:43 [35mSTATE:[39m test-backend-node.js event: detect 
2024-04-17 11:35:43 [35mSTATE:[39m test-backend-node.js passed: detect: samples/in/ai-face.jpg face embeddings 
2024-04-17 11:35:43 [32mDATA: [39m test-backend-node.js  result: face: 1 body: 1 hand: 2 gesture: 8 object: 0 person: 1 {"score":1,"age":23.6,"gender":"female"} {} {"score":0.47,"keypoints":3} 
2024-04-17 11:35:43 [32mDATA: [39m test-backend-node.js  result: performance: load: null total: 299 
2024-04-17 11:35:43 [35mSTATE:[39m test-backend-node.js passed: mobilefacenet {"embedding":192} 
2024-04-17 11:35:43 [35mSTATE:[39m test-backend-node.js start face embeddings 
2024-04-17 11:35:43 [35mSTATE:[39m test-backend-node.js passed: load image: samples/in/ai-face.jpg [1,256,256,3] {"checksum":34696120} 
2024-04-17 11:35:43 [35mSTATE:[39m test-backend-node.js event: image 
2024-04-17 11:35:44 [35mSTATE:[39m test-backend-node.js event: detect 
2024-04-17 11:35:44 [35mSTATE:[39m test-backend-node.js passed: detect: samples/in/ai-face.jpg face embeddings 
2024-04-17 11:35:44 [32mDATA: [39m test-backend-node.js  result: face: 1 body: 1 hand: 2 gesture: 8 object: 0 person: 1 {"score":1,"age":23.6,"gender":"female"} {} {"score":0.47,"keypoints":3} 
2024-04-17 11:35:44 [32mDATA: [39m test-backend-node.js  result: performance: load: null total: 319 
2024-04-17 11:35:44 [35mSTATE:[39m test-backend-node.js passed: insightface {"embedding":512} 
2024-04-17 11:35:44 [36mINFO: [39m test-backend-node.js test face attention 
2024-04-17 11:35:44 [35mSTATE:[39m test-backend-node.js start face attention 
2024-04-17 11:35:44 [35mSTATE:[39m test-backend-node.js passed: load image: samples/in/ai-face.jpg [1,256,256,3] {"checksum":34696120} 
2024-04-17 11:35:44 [35mSTATE:[39m test-backend-node.js event: image 
2024-04-17 11:35:44 [35mSTATE:[39m test-backend-node.js event: detect 
2024-04-17 11:35:44 [35mSTATE:[39m test-backend-node.js passed: detect: samples/in/ai-face.jpg face attention 
2024-04-17 11:35:44 [32mDATA: [39m test-backend-node.js  result: face: 1 body: 1 hand: 2 gesture: 7 object: 0 person: 1 {"score":1,"age":23.6,"gender":"female"} {} {"score":0.47,"keypoints":3} 
2024-04-17 11:35:44 [32mDATA: [39m test-backend-node.js  result: performance: load: null total: 292 
2024-04-17 11:35:44 [35mSTATE:[39m test-backend-node.js passed: face attention 
2024-04-17 11:35:44 [36mINFO: [39m test-backend-node.js test detectors 
2024-04-17 11:35:44 [35mSTATE:[39m test-backend-node.js start detectors 
2024-04-17 11:35:44 [35mSTATE:[39m test-backend-node.js passed: load image: samples/in/ai-body.jpg [1,1200,1200,3] {"checksum":1004796864} 
2024-04-17 11:35:44 [35mSTATE:[39m test-backend-node.js event: image 
2024-04-17 11:35:45 [35mSTATE:[39m test-backend-node.js event: detect 
2024-04-17 11:35:45 [35mSTATE:[39m test-backend-node.js passed: detect: samples/in/ai-body.jpg detectors 
2024-04-17 11:35:45 [32mDATA: [39m test-backend-node.js  result: face: 1 body: 1 hand: 1 gesture: 0 object: 0 person: 1 {"score":0.93,"gender":"unknown"} {} {"score":0.92,"keypoints":17} 
2024-04-17 11:35:45 [32mDATA: [39m test-backend-node.js  result: performance: load: null total: 152 
2024-04-17 11:35:45 [35mSTATE:[39m test-backend-node.js passed: detector result face match 
2024-04-17 11:35:45 [35mSTATE:[39m test-backend-node.js passed: detector result hand match 
2024-04-17 11:35:45 [36mINFO: [39m test-backend-node.js test: multi-instance 
2024-04-17 11:35:45 [35mSTATE:[39m test-backend-node.js start multi instance 
2024-04-17 11:35:45 [35mSTATE:[39m test-backend-node.js event: image 
2024-04-17 11:35:45 [35mSTATE:[39m test-backend-node.js event: detect 
2024-04-17 11:35:45 [35mSTATE:[39m test-backend-node.js passed: detect: random multi instance 
2024-04-17 11:35:45 [32mDATA: [39m test-backend-node.js  result: face: 0 body: 1 hand: 0 gesture: 0 object: 0 person: 0 {} {} {"score":0,"keypoints":0} 
2024-04-17 11:35:45 [32mDATA: [39m test-backend-node.js  result: performance: load: null total: 134 
2024-04-17 11:35:45 [36mINFO: [39m test-backend-node.js test: first instance 
2024-04-17 11:35:45 [35mSTATE:[39m test-backend-node.js start multi instance 
2024-04-17 11:35:45 [35mSTATE:[39m test-backend-node.js passed: load image: samples/in/ai-upper.jpg [1,720,688,3] {"checksum":151289024} 
2024-04-17 11:35:45 [35mSTATE:[39m test-backend-node.js passed: detect: samples/in/ai-upper.jpg multi instance 
2024-04-17 11:35:45 [32mDATA: [39m test-backend-node.js  result: face: 1 body: 1 hand: 0 gesture: 0 object: 0 person: 1 {"score":0.97,"gender":"unknown"} {} {"score":0.75,"keypoints":7} 
2024-04-17 11:35:45 [32mDATA: [39m test-backend-node.js  result: performance: load: null total: 138 
2024-04-17 11:35:45 [36mINFO: [39m test-backend-node.js test: second instance 
2024-04-17 11:35:45 [35mSTATE:[39m test-backend-node.js start multi instance 
2024-04-17 11:35:45 [35mSTATE:[39m test-backend-node.js passed: load image: samples/in/ai-upper.jpg [1,720,688,3] {"checksum":151289024} 
2024-04-17 11:35:45 [35mSTATE:[39m test-backend-node.js passed: detect: samples/in/ai-upper.jpg multi instance 
2024-04-17 11:35:45 [32mDATA: [39m test-backend-node.js  result: face: 1 body: 1 hand: 0 gesture: 0 object: 0 person: 1 {"score":0.97,"gender":"unknown"} {} {"score":0.75,"keypoints":7} 
2024-04-17 11:35:45 [32mDATA: [39m test-backend-node.js  result: performance: load: null total: 133 
2024-04-17 11:35:45 [36mINFO: [39m test-backend-node.js test: concurrent 
2024-04-17 11:35:45 [35mSTATE:[39m test-backend-node.js start concurrent 
2024-04-17 11:35:45 [35mSTATE:[39m test-backend-node.js start concurrent 
2024-04-17 11:35:45 [35mSTATE:[39m test-backend-node.js start concurrent 
2024-04-17 11:35:45 [35mSTATE:[39m test-backend-node.js start concurrent 
2024-04-17 11:35:45 [35mSTATE:[39m test-backend-node.js start concurrent 
2024-04-17 11:35:45 [35mSTATE:[39m test-backend-node.js start concurrent 
2024-04-17 11:35:45 [35mSTATE:[39m test-backend-node.js start concurrent 
2024-04-17 11:35:45 [35mSTATE:[39m test-backend-node.js start concurrent 
2024-04-17 11:35:45 [35mSTATE:[39m test-backend-node.js start concurrent 
2024-04-17 11:35:45 [35mSTATE:[39m test-backend-node.js passed: load image: samples/in/ai-face.jpg [1,256,256,3] {"checksum":34696120} 
2024-04-17 11:35:45 [35mSTATE:[39m test-backend-node.js passed: load image: samples/in/ai-face.jpg [1,256,256,3] {"checksum":34696120} 
2024-04-17 11:35:45 [35mSTATE:[39m test-backend-node.js passed: load image: samples/in/ai-face.jpg [1,256,256,3] {"checksum":34696120} 
2024-04-17 11:35:45 [35mSTATE:[39m test-backend-node.js passed: load image: samples/in/ai-body.jpg [1,1200,1200,3] {"checksum":1004796864} 
2024-04-17 11:35:46 [35mSTATE:[39m test-backend-node.js passed: load image: samples/in/ai-body.jpg [1,1200,1200,3] {"checksum":1004796864} 
2024-04-17 11:35:46 [35mSTATE:[39m test-backend-node.js passed: load image: samples/in/ai-body.jpg [1,1200,1200,3] {"checksum":1004796864} 
2024-04-17 11:35:46 [35mSTATE:[39m test-backend-node.js passed: load image: samples/in/ai-upper.jpg [1,720,688,3] {"checksum":151289024} 
2024-04-17 11:35:46 [35mSTATE:[39m test-backend-node.js passed: load image: samples/in/ai-upper.jpg [1,720,688,3] {"checksum":151289024} 
2024-04-17 11:35:46 [35mSTATE:[39m test-backend-node.js passed: load image: samples/in/ai-upper.jpg [1,720,688,3] {"checksum":151289024} 
2024-04-17 11:35:46 [35mSTATE:[39m test-backend-node.js event: image 
2024-04-17 11:35:46 [35mSTATE:[39m test-backend-node.js event: image 
2024-04-17 11:35:46 [35mSTATE:[39m test-backend-node.js event: image 
2024-04-17 11:35:47 [35mSTATE:[39m test-backend-node.js event: detect 
2024-04-17 11:35:47 [35mSTATE:[39m test-backend-node.js passed: detect: samples/in/ai-upper.jpg concurrent 
2024-04-17 11:35:47 [32mDATA: [39m test-backend-node.js  result: face: 1 body: 1 hand: 0 gesture: 0 object: 0 person: 1 {"score":0.97,"gender":"unknown"} {} {"score":0.75,"keypoints":7} 
2024-04-17 11:35:47 [32mDATA: [39m test-backend-node.js  result: performance: load: null total: 1187 
2024-04-17 11:35:47 [35mSTATE:[39m test-backend-node.js passed: detect: samples/in/ai-upper.jpg concurrent 
2024-04-17 11:35:47 [32mDATA: [39m test-backend-node.js  result: face: 1 body: 1 hand: 0 gesture: 0 object: 0 person: 1 {"score":0.97,"gender":"unknown"} {} {"score":0.75,"keypoints":7} 
2024-04-17 11:35:47 [32mDATA: [39m test-backend-node.js  result: performance: load: null total: 1187 
2024-04-17 11:35:47 [35mSTATE:[39m test-backend-node.js passed: detect: samples/in/ai-upper.jpg concurrent 
2024-04-17 11:35:47 [32mDATA: [39m test-backend-node.js  result: face: 1 body: 1 hand: 0 gesture: 0 object: 0 person: 1 {"score":0.97,"gender":"unknown"} {} {"score":0.75,"keypoints":7} 
2024-04-17 11:35:47 [32mDATA: [39m test-backend-node.js  result: performance: load: null total: 1187 
2024-04-17 11:35:47 [35mSTATE:[39m test-backend-node.js event: detect 
2024-04-17 11:35:47 [35mSTATE:[39m test-backend-node.js event: detect 
2024-04-17 11:35:47 [35mSTATE:[39m test-backend-node.js passed: detect: samples/in/ai-face.jpg concurrent 
2024-04-17 11:35:47 [32mDATA: [39m test-backend-node.js  result: face: 1 body: 1 hand: 1 gesture: 0 object: 0 person: 1 {"score":0.9,"gender":"unknown"} {} {"score":0.47,"keypoints":3} 
2024-04-17 11:35:47 [32mDATA: [39m test-backend-node.js  result: performance: load: null total: 1187 
2024-04-17 11:35:47 [35mSTATE:[39m test-backend-node.js passed: detect: samples/in/ai-face.jpg concurrent 
2024-04-17 11:35:47 [32mDATA: [39m test-backend-node.js  result: face: 1 body: 1 hand: 1 gesture: 0 object: 0 person: 1 {"score":0.9,"gender":"unknown"} {} {"score":0.47,"keypoints":3} 
2024-04-17 11:35:47 [32mDATA: [39m test-backend-node.js  result: performance: load: null total: 1187 
2024-04-17 11:35:47 [35mSTATE:[39m test-backend-node.js passed: detect: samples/in/ai-face.jpg concurrent 
2024-04-17 11:35:47 [32mDATA: [39m test-backend-node.js  result: face: 1 body: 1 hand: 1 gesture: 0 object: 0 person: 1 {"score":0.9,"gender":"unknown"} {} {"score":0.47,"keypoints":3} 
2024-04-17 11:35:47 [32mDATA: [39m test-backend-node.js  result: performance: load: null total: 1187 
2024-04-17 11:35:47 [35mSTATE:[39m test-backend-node.js passed: detect: samples/in/ai-body.jpg concurrent 
2024-04-17 11:35:47 [32mDATA: [39m test-backend-node.js  result: face: 1 body: 1 hand: 1 gesture: 0 object: 0 person: 1 {"score":0.93,"gender":"unknown"} {} {"score":0.92,"keypoints":17} 
2024-04-17 11:35:47 [32mDATA: [39m test-backend-node.js  result: performance: load: null total: 1187 
2024-04-17 11:35:47 [35mSTATE:[39m test-backend-node.js passed: detect: samples/in/ai-body.jpg concurrent 
2024-04-17 11:35:47 [32mDATA: [39m test-backend-node.js  result: face: 1 body: 1 hand: 1 gesture: 0 object: 0 person: 1 {"score":0.93,"gender":"unknown"} {} {"score":0.92,"keypoints":17} 
2024-04-17 11:35:47 [32mDATA: [39m test-backend-node.js  result: performance: load: null total: 1187 
2024-04-17 11:35:47 [35mSTATE:[39m test-backend-node.js passed: detect: samples/in/ai-body.jpg concurrent 
2024-04-17 11:35:47 [32mDATA: [39m test-backend-node.js  result: face: 1 body: 1 hand: 1 gesture: 0 object: 0 person: 1 {"score":0.93,"gender":"unknown"} {} {"score":0.92,"keypoints":17} 
2024-04-17 11:35:47 [32mDATA: [39m test-backend-node.js  result: performance: load: null total: 1187 
2024-04-17 11:35:47 [36mINFO: [39m test-backend-node.js test: monkey-patch 
2024-04-17 11:35:47 [35mSTATE:[39m test-backend-node.js event: image 
2024-04-17 11:35:47 [35mSTATE:[39m test-backend-node.js event: detect 
2024-04-17 11:35:47 [35mSTATE:[39m test-backend-node.js passed: monkey patch 
2024-04-17 11:35:48 [35mSTATE:[39m test-backend-node.js passed: segmentation [262144] 
2024-04-17 11:35:48 [35mSTATE:[39m test-backend-node.js passeed: equal usage 
2024-04-17 11:35:48 [36mINFO: [39m test-backend-node.js test: input compare 
2024-04-17 11:35:48 [35mSTATE:[39m test-backend-node.js passed: load image: samples/in/ai-face.jpg [1,256,256,3] {"checksum":34696120} 
2024-04-17 11:35:48 [35mSTATE:[39m test-backend-node.js passed: load image: samples/in/ai-body.jpg [1,1200,1200,3] {"checksum":1004796864} 
2024-04-17 11:35:48 [35mSTATE:[39m test-backend-node.js passed: image compare 0 23.275441687091504 
2024-04-17 11:35:48 [36mINFO: [39m test-backend-node.js events: {"image":29,"detect":29,"warmup":2} 
2024-04-17 11:35:48 [36mINFO: [39m test-backend-node.js tensors 14855 
2024-04-17 11:35:48 [36mINFO: [39m test-backend-node.js test complete: 17022 ms 
2024-04-17 11:35:48 [36mINFO: [39m 
2024-04-17 11:35:48 [36mINFO: [39m test-backend-node-gpu.js start 
2024-04-17 11:35:48 [36mINFO: [39m test-backend-node-gpu.js test: configuration validation 
2024-04-17 11:35:48 [35mSTATE:[39m test-backend-node-gpu.js passed: configuration default validation [] 
2024-04-17 11:35:48 [35mSTATE:[39m test-backend-node-gpu.js passed: configuration invalid validation [{"reason":"unknown property","where":"config.invalid = true"}] 
2024-04-17 11:35:48 [36mINFO: [39m test-backend-node-gpu.js test: model load 
2024-04-17 11:35:48 [35mSTATE:[39m test-backend-node-gpu.js passed: models loaded 11 11 [{"name":"blazeface","loaded":true,"size":538928,"url":"file://models/blazeface.json"},{"name":"liveness","loaded":true,"size":592976,"url":"file://models/liveness.json"},{"name":"emotion","loaded":true,"size":820516,"url":"file://models/emotion.json"},{"name":"antispoof","loaded":true,"size":853098,"url":"file://models/antispoof.json"},{"name":"facemesh","loaded":true,"size":1477958,"url":"file://models/facemesh.json"},{"name":"handskeleton","loaded":true,"size":0,"url":"file://models/handlandmark-lite.json"},{"name":"iris","loaded":true,"size":2599092,"url":"file://models/iris.json"},{"name":"handtrack","loaded":true,"size":2964837,"url":"file://models/handtrack.json"},{"name":"movenet","loaded":true,"size":4650216,"url":"file://models/movenet-lightning.json"},{"name":"centernet","loaded":true,"size":4030290,"url":"file://models/centernet.json"},{"name":"faceres","loaded":true,"size":6978814,"url":"file://models/faceres.json"}] 
2024-04-17 11:35:48 [36mINFO: [39m test-backend-node-gpu.js memory: {"memory":{"unreliable":true,"numTensors":1785,"numDataBuffers":1785,"numBytes":56431460}} 
2024-04-17 11:35:48 [36mINFO: [39m test-backend-node-gpu.js state: {"state":{"registeredVariables":{},"nextTapeNodeId":0,"numBytes":56431460,"numTensors":1785,"numStringTensors":0,"numDataBuffers":1785,"gradientDepth":0,"kernelDepth":0,"scopeStack":[],"numDataMovesStack":[],"nextScopeId":0,"tensorInfo":{},"profiling":false,"activeProfile":{"newBytes":0,"newTensors":0,"peakBytes":0,"kernels":[],"result":null,"kernelNames":[]}}} 
2024-04-17 11:35:48 [36mINFO: [39m test-backend-node-gpu.js test: warmup 
2024-04-17 11:35:48 [35mSTATE:[39m test-backend-node-gpu.js passed: create human 
2024-04-17 11:35:48 [36mINFO: [39m test-backend-node-gpu.js human version: 3.2.2 
2024-04-17 11:35:48 [36mINFO: [39m test-backend-node-gpu.js platform:  agent:  
2024-04-17 11:35:48 [36mINFO: [39m test-backend-node-gpu.js tfjs version: 4.17.0 
2024-04-17 11:35:48 [36mINFO: [39m test-backend-node-gpu.js env: {"browser":false,"node":true,"platform":"","agent":"","backends":["cpu","tensorflow"],"initial":false,"tfjs":{"version":"4.17.0"},"offscreen":false,"perfadd":false,"tensorflow":{"version":"2.9.1","gpu":false},"wasm":{"supported":true,"backend":false},"webgl":{"supported":false,"backend":false},"webgpu":{"supported":false,"backend":false},"cpu":{"flags":[]},"kernels":172} 
2024-04-17 11:35:48 [35mSTATE:[39m test-backend-node-gpu.js passed: set backend: tensorflow 
2024-04-17 11:35:48 [35mSTATE:[39m test-backend-node-gpu.js tensors 1785 
2024-04-17 11:35:48 [35mSTATE:[39m test-backend-node-gpu.js  result: defined models: 11 loaded models: 11 
2024-04-17 11:35:48 [35mSTATE:[39m test-backend-node-gpu.js passed: load models 11 
2024-04-17 11:35:48 [35mSTATE:[39m test-backend-node-gpu.js passed: warmup: none default 
2024-04-17 11:35:48 [32mDATA: [39m test-backend-node-gpu.js  result: face: 0 body: 0 hand: 0 gesture: 0 object: 0 person: 0 {} {} {} 
2024-04-17 11:35:48 [32mDATA: [39m test-backend-node-gpu.js  result: performance: load: null total: null 
2024-04-17 11:35:48 [35mSTATE:[39m test-backend-node-gpu.js passed: warmup none result match 
2024-04-17 11:35:48 [35mSTATE:[39m test-backend-node-gpu.js event: image 
2024-04-17 11:35:49 [35mSTATE:[39m test-backend-node-gpu.js event: detect 
2024-04-17 11:35:49 [35mSTATE:[39m test-backend-node-gpu.js event: warmup 
2024-04-17 11:35:49 [35mSTATE:[39m test-backend-node-gpu.js passed: warmup: face default 
2024-04-17 11:35:49 [32mDATA: [39m test-backend-node-gpu.js  result: face: 1 body: 1 hand: 1 gesture: 6 object: 1 person: 1 {"score":1,"age":23.6,"gender":"female"} {"score":0.82,"class":"person"} {"score":0.42,"keypoints":4} 
2024-04-17 11:35:49 [32mDATA: [39m test-backend-node-gpu.js  result: performance: load: null total: 449 
2024-04-17 11:35:49 [35mSTATE:[39m test-backend-node-gpu.js passed: warmup face result match 
2024-04-17 11:35:49 [35mSTATE:[39m test-backend-node-gpu.js event: image 
2024-04-17 11:35:49 [35mSTATE:[39m test-backend-node-gpu.js event: detect 
2024-04-17 11:35:49 [35mSTATE:[39m test-backend-node-gpu.js event: warmup 
2024-04-17 11:35:49 [35mSTATE:[39m test-backend-node-gpu.js passed: warmup: body default 
2024-04-17 11:35:49 [32mDATA: [39m test-backend-node-gpu.js  result: face: 1 body: 1 hand: 1 gesture: 7 object: 1 person: 1 {"score":1,"age":23.6,"gender":"female"} {"score":0.72,"class":"person"} {"score":0.92,"keypoints":17} 
2024-04-17 11:35:49 [32mDATA: [39m test-backend-node-gpu.js  result: performance: load: null total: 356 
2024-04-17 11:35:49 [35mSTATE:[39m test-backend-node-gpu.js passed: warmup body result match 
2024-04-17 11:35:49 [35mSTATE:[39m test-backend-node-gpu.js details: {"face":{"boxScore":0.93,"faceScore":1,"age":23.6,"gender":"female","genderScore":0.97},"emotion":[{"score":0.47,"emotion":"angry"},{"score":0.32,"emotion":"fear"},{"score":0.1,"emotion":"neutral"}],"body":{"score":0.92,"keypoints":17},"hand":{"boxScore":0.52,"fingerScore":0.73,"keypoints":21},"gestures":[{"face":0,"gesture":"facing right"},{"face":0,"gesture":"mouth 16% open"},{"hand":0,"gesture":"pinky forward"},{"hand":0,"gesture":"thumb up"},{"hand":0,"gesture":"open palm"},{"iris":0,"gesture":"looking left"},{"iris":0,"gesture":"looking up"}]} 
2024-04-17 11:35:49 [36mINFO: [39m test-backend-node-gpu.js test: details verification 
2024-04-17 11:35:49 [35mSTATE:[39m test-backend-node-gpu.js start default 
2024-04-17 11:35:49 [35mSTATE:[39m test-backend-node-gpu.js passed: load image: samples/in/ai-body.jpg [1,1200,1200,3] {"checksum":1004796864} 
2024-04-17 11:35:49 [35mSTATE:[39m test-backend-node-gpu.js event: image 
2024-04-17 11:35:50 [35mSTATE:[39m test-backend-node-gpu.js event: detect 
2024-04-17 11:35:50 [35mSTATE:[39m test-backend-node-gpu.js passed: detect: samples/in/ai-body.jpg default 
2024-04-17 11:35:50 [32mDATA: [39m test-backend-node-gpu.js  result: face: 1 body: 1 hand: 1 gesture: 7 object: 1 person: 1 {"score":1,"age":23.6,"gender":"female"} {"score":0.72,"class":"person"} {"score":0.92,"keypoints":17} 
2024-04-17 11:35:50 [32mDATA: [39m test-backend-node-gpu.js  result: performance: load: null total: 320 
2024-04-17 11:35:50 [35mSTATE:[39m test-backend-node-gpu.js passed: details face length 1 
2024-04-17 11:35:50 [35mSTATE:[39m test-backend-node-gpu.js passed: details face score 1 0.93 1 
2024-04-17 11:35:50 [35mSTATE:[39m test-backend-node-gpu.js passed: details face age/gender 23.6 female 0.97 2.34 
2024-04-17 11:35:50 [35mSTATE:[39m test-backend-node-gpu.js passed: details face arrays 4 478 1024 
2024-04-17 11:35:50 [35mSTATE:[39m test-backend-node-gpu.js passed: details face emotion 3 {"score":0.48,"emotion":"angry"} 
2024-04-17 11:35:50 [35mSTATE:[39m test-backend-node-gpu.js passed: details face anti-spoofing 0.8 
2024-04-17 11:35:50 [35mSTATE:[39m test-backend-node-gpu.js passed: details face liveness 0.93 
2024-04-17 11:35:50 [35mSTATE:[39m test-backend-node-gpu.js passed: details body length 1 
2024-04-17 11:35:50 [35mSTATE:[39m test-backend-node-gpu.js passed: details body 0.92 17 6 
2024-04-17 11:35:50 [35mSTATE:[39m test-backend-node-gpu.js passed: details hand length 1 
2024-04-17 11:35:50 [35mSTATE:[39m test-backend-node-gpu.js passed: details hand 0.51 0.73 point 
2024-04-17 11:35:50 [35mSTATE:[39m test-backend-node-gpu.js passed: details hand arrays 21 5 7 
2024-04-17 11:35:50 [35mSTATE:[39m test-backend-node-gpu.js passed: details gesture length 7 
2024-04-17 11:35:50 [35mSTATE:[39m test-backend-node-gpu.js passed: details gesture first {"face":0,"gesture":"facing right"} 
2024-04-17 11:35:50 [35mSTATE:[39m test-backend-node-gpu.js passed: details object length 1 
2024-04-17 11:35:50 [35mSTATE:[39m test-backend-node-gpu.js passed: details object 0.72 person 
2024-04-17 11:35:50 [35mSTATE:[39m test-backend-node-gpu.js passed: load image: samples/in/ai-body.jpg [1,1200,1200,4] {"checksum":1371996928} 
2024-04-17 11:35:50 [35mSTATE:[39m test-backend-node-gpu.js event: image 
2024-04-17 11:35:50 [35mSTATE:[39m test-backend-node-gpu.js event: detect 
2024-04-17 11:35:50 [35mSTATE:[39m test-backend-node-gpu.js passed: tensor shape: [1,1200,1200,4] dtype: float32 
2024-04-17 11:35:50 [35mSTATE:[39m test-backend-node-gpu.js passed: load image: samples/in/ai-body.jpg [1200,1200,4] {"checksum":1371996928} 
2024-04-17 11:35:50 [35mSTATE:[39m test-backend-node-gpu.js event: image 
2024-04-17 11:35:51 [35mSTATE:[39m test-backend-node-gpu.js event: detect 
2024-04-17 11:35:51 [35mSTATE:[39m test-backend-node-gpu.js passed: tensor shape: [1200,1200,4] dtype: float32 
2024-04-17 11:35:51 [35mSTATE:[39m test-backend-node-gpu.js passed: load image: samples/in/ai-body.jpg [1,1200,1200,3] {"checksum":1004796864} 
2024-04-17 11:35:51 [35mSTATE:[39m test-backend-node-gpu.js event: image 
2024-04-17 11:35:51 [35mSTATE:[39m test-backend-node-gpu.js event: detect 
2024-04-17 11:35:51 [35mSTATE:[39m test-backend-node-gpu.js passed: tensor shape: [1,1200,1200,3] dtype: float32 
2024-04-17 11:35:51 [35mSTATE:[39m test-backend-node-gpu.js passed: load image: samples/in/ai-body.jpg [1200,1200,3] {"checksum":1004796864} 
2024-04-17 11:35:51 [35mSTATE:[39m test-backend-node-gpu.js event: image 
2024-04-17 11:35:52 [35mSTATE:[39m test-backend-node-gpu.js event: detect 
2024-04-17 11:35:52 [35mSTATE:[39m test-backend-node-gpu.js passed: tensor shape: [1200,1200,3] dtype: float32 
2024-04-17 11:35:52 [35mSTATE:[39m test-backend-node-gpu.js passed: load image: samples/in/ai-body.jpg [1,1200,1200,4] {"checksum":1371996871} 
2024-04-17 11:35:52 [35mSTATE:[39m test-backend-node-gpu.js event: image 
2024-04-17 11:35:52 [35mSTATE:[39m test-backend-node-gpu.js event: detect 
2024-04-17 11:35:52 [35mSTATE:[39m test-backend-node-gpu.js passed: tensor shape: [1,1200,1200,4] dtype: int32 
2024-04-17 11:35:52 [36mINFO: [39m test-backend-node-gpu.js test default 
2024-04-17 11:35:52 [35mSTATE:[39m test-backend-node-gpu.js start async 
2024-04-17 11:35:52 [35mSTATE:[39m test-backend-node-gpu.js passed: load image: samples/in/ai-body.jpg [1,1200,1200,3] {"checksum":1004796864} 
2024-04-17 11:35:52 [35mSTATE:[39m test-backend-node-gpu.js event: image 
2024-04-17 11:35:53 [35mSTATE:[39m test-backend-node-gpu.js event: detect 
2024-04-17 11:35:53 [35mSTATE:[39m test-backend-node-gpu.js passed: detect: samples/in/ai-body.jpg async 
2024-04-17 11:35:53 [32mDATA: [39m test-backend-node-gpu.js  result: face: 1 body: 1 hand: 1 gesture: 7 object: 1 person: 1 {"score":1,"age":23.6,"gender":"female"} {"score":0.72,"class":"person"} {"score":0.92,"keypoints":17} 
2024-04-17 11:35:53 [32mDATA: [39m test-backend-node-gpu.js  result: performance: load: null total: 326 
2024-04-17 11:35:53 [35mSTATE:[39m test-backend-node-gpu.js passed: default result face match 1 female 0.97 
2024-04-17 11:35:53 [36mINFO: [39m test-backend-node-gpu.js test sync 
2024-04-17 11:35:53 [35mSTATE:[39m test-backend-node-gpu.js start sync 
2024-04-17 11:35:53 [35mSTATE:[39m test-backend-node-gpu.js passed: load image: samples/in/ai-body.jpg [1,1200,1200,3] {"checksum":1004796864} 
2024-04-17 11:35:53 [35mSTATE:[39m test-backend-node-gpu.js event: image 
2024-04-17 11:35:53 [35mSTATE:[39m test-backend-node-gpu.js event: detect 
2024-04-17 11:35:53 [35mSTATE:[39m test-backend-node-gpu.js passed: detect: samples/in/ai-body.jpg sync 
2024-04-17 11:35:53 [32mDATA: [39m test-backend-node-gpu.js  result: face: 1 body: 1 hand: 1 gesture: 7 object: 1 person: 1 {"score":1,"age":23.6,"gender":"female"} {"score":0.72,"class":"person"} {"score":0.92,"keypoints":17} 
2024-04-17 11:35:53 [32mDATA: [39m test-backend-node-gpu.js  result: performance: load: null total: 342 
2024-04-17 11:35:53 [35mSTATE:[39m test-backend-node-gpu.js passed: default sync 1 female 0.97 
2024-04-17 11:35:53 [36mINFO: [39m test-backend-node-gpu.js test: image process 
2024-04-17 11:35:53 [35mSTATE:[39m test-backend-node-gpu.js passed: load image: samples/in/ai-face.jpg [1,256,256,3] {"checksum":34696120} 
2024-04-17 11:35:53 [35mSTATE:[39m test-backend-node-gpu.js passed: image input null [1,256,256,3] 
2024-04-17 11:35:53 [36mINFO: [39m test-backend-node-gpu.js test: image null 
2024-04-17 11:35:53 [35mSTATE:[39m test-backend-node-gpu.js passed: invalid input could not convert input to tensor 
2024-04-17 11:35:53 [36mINFO: [39m test-backend-node-gpu.js test face similarity 
2024-04-17 11:35:53 [35mSTATE:[39m test-backend-node-gpu.js start face similarity 
2024-04-17 11:35:53 [35mSTATE:[39m test-backend-node-gpu.js passed: load image: samples/in/ai-face.jpg [1,256,256,3] {"checksum":34696120} 
2024-04-17 11:35:53 [35mSTATE:[39m test-backend-node-gpu.js event: image 
2024-04-17 11:35:54 [35mSTATE:[39m test-backend-node-gpu.js event: detect 
2024-04-17 11:35:54 [35mSTATE:[39m test-backend-node-gpu.js passed: detect: samples/in/ai-face.jpg face similarity 
2024-04-17 11:35:54 [32mDATA: [39m test-backend-node-gpu.js  result: face: 1 body: 1 hand: 1 gesture: 6 object: 1 person: 1 {"score":1,"age":23.6,"gender":"female"} {"score":0.82,"class":"person"} {"score":0.47,"keypoints":3} 
2024-04-17 11:35:54 [32mDATA: [39m test-backend-node-gpu.js  result: performance: load: null total: 336 
2024-04-17 11:35:54 [35mSTATE:[39m test-backend-node-gpu.js start face similarity 
2024-04-17 11:35:54 [35mSTATE:[39m test-backend-node-gpu.js passed: load image: samples/in/ai-body.jpg [1,1200,1200,3] {"checksum":1004796864} 
2024-04-17 11:35:54 [35mSTATE:[39m test-backend-node-gpu.js event: image 
2024-04-17 11:35:54 [35mSTATE:[39m test-backend-node-gpu.js event: detect 
2024-04-17 11:35:54 [35mSTATE:[39m test-backend-node-gpu.js passed: detect: samples/in/ai-body.jpg face similarity 
2024-04-17 11:35:54 [32mDATA: [39m test-backend-node-gpu.js  result: face: 1 body: 1 hand: 1 gesture: 7 object: 1 person: 1 {"score":1,"age":23.6,"gender":"female"} {"score":0.72,"class":"person"} {"score":0.92,"keypoints":17} 
2024-04-17 11:35:54 [32mDATA: [39m test-backend-node-gpu.js  result: performance: load: null total: 315 
2024-04-17 11:35:54 [35mSTATE:[39m test-backend-node-gpu.js start face similarity 
2024-04-17 11:35:54 [35mSTATE:[39m test-backend-node-gpu.js passed: load image: samples/in/ai-upper.jpg [1,720,688,3] {"checksum":151289024} 
2024-04-17 11:35:54 [35mSTATE:[39m test-backend-node-gpu.js event: image 
2024-04-17 11:35:54 [35mSTATE:[39m test-backend-node-gpu.js event: detect 
2024-04-17 11:35:54 [35mSTATE:[39m test-backend-node-gpu.js passed: detect: samples/in/ai-upper.jpg face similarity 
2024-04-17 11:35:54 [32mDATA: [39m test-backend-node-gpu.js  result: face: 1 body: 1 hand: 0 gesture: 4 object: 1 person: 1 {"score":1,"age":23.5,"gender":"female"} {"score":0.71,"class":"person"} {"score":0.75,"keypoints":7} 
2024-04-17 11:35:54 [32mDATA: [39m test-backend-node-gpu.js  result: performance: load: null total: 280 
2024-04-17 11:35:54 [35mSTATE:[39m test-backend-node-gpu.js passed: face descriptor 
2024-04-17 11:35:54 [35mSTATE:[39m test-backend-node-gpu.js passed: face similarity {"similarity":[1,0.4330948336032283,0.5651910602345114],"descriptors":[1024,1024,1024]} 
2024-04-17 11:35:54 [36mINFO: [39m test-backend-node-gpu.js test object 
2024-04-17 11:35:54 [35mSTATE:[39m test-backend-node-gpu.js start object 
2024-04-17 11:35:55 [35mSTATE:[39m test-backend-node-gpu.js passed: load image: samples/in/ai-body.jpg [1,1200,1200,3] {"checksum":1004796864} 
2024-04-17 11:35:55 [35mSTATE:[39m test-backend-node-gpu.js event: image 
2024-04-17 11:35:55 [35mSTATE:[39m test-backend-node-gpu.js event: detect 
2024-04-17 11:35:55 [35mSTATE:[39m test-backend-node-gpu.js passed: detect: samples/in/ai-body.jpg object 
2024-04-17 11:35:55 [32mDATA: [39m test-backend-node-gpu.js  result: face: 1 body: 1 hand: 1 gesture: 7 object: 1 person: 1 {"score":1,"age":23.6,"gender":"female"} {"score":0.72,"class":"person"} {"score":0.92,"keypoints":17} 
2024-04-17 11:35:55 [32mDATA: [39m test-backend-node-gpu.js  result: performance: load: null total: 323 
2024-04-17 11:35:55 [35mSTATE:[39m test-backend-node-gpu.js passed: centernet 
2024-04-17 11:35:55 [35mSTATE:[39m test-backend-node-gpu.js start object 
2024-04-17 11:35:55 [35mSTATE:[39m test-backend-node-gpu.js passed: load image: samples/in/ai-body.jpg [1,1200,1200,3] {"checksum":1004796864} 
2024-04-17 11:35:55 [35mSTATE:[39m test-backend-node-gpu.js event: image 
2024-04-17 11:35:56 [35mSTATE:[39m test-backend-node-gpu.js event: detect 
2024-04-17 11:35:56 [35mSTATE:[39m test-backend-node-gpu.js passed: detect: samples/in/ai-body.jpg object 
2024-04-17 11:35:56 [32mDATA: [39m test-backend-node-gpu.js  result: face: 1 body: 1 hand: 1 gesture: 7 object: 3 person: 1 {"score":1,"age":23.6,"gender":"female"} {"score":0.86,"class":"person"} {"score":0.92,"keypoints":17} 
2024-04-17 11:35:56 [32mDATA: [39m test-backend-node-gpu.js  result: performance: load: null total: 314 
2024-04-17 11:35:56 [35mSTATE:[39m test-backend-node-gpu.js passed: nanodet 
2024-04-17 11:35:56 [36mINFO: [39m test-backend-node-gpu.js test sensitive 
2024-04-17 11:35:56 [35mSTATE:[39m test-backend-node-gpu.js start sensitive 
2024-04-17 11:35:56 [35mSTATE:[39m test-backend-node-gpu.js passed: load image: samples/in/ai-body.jpg [1,1200,1200,3] {"checksum":1004796864} 
2024-04-17 11:35:56 [35mSTATE:[39m test-backend-node-gpu.js event: image 
2024-04-17 11:35:56 [35mSTATE:[39m test-backend-node-gpu.js event: detect 
2024-04-17 11:35:56 [35mSTATE:[39m test-backend-node-gpu.js passed: detect: samples/in/ai-body.jpg sensitive 
2024-04-17 11:35:56 [32mDATA: [39m test-backend-node-gpu.js  result: face: 1 body: 1 hand: 2 gesture: 9 object: 0 person: 1 {"score":1,"age":23.6,"gender":"female"} {} {"score":0.92,"keypoints":17} 
2024-04-17 11:35:56 [32mDATA: [39m test-backend-node-gpu.js  result: performance: load: null total: 269 
2024-04-17 11:35:56 [35mSTATE:[39m test-backend-node-gpu.js passed: sensitive result match 
2024-04-17 11:35:56 [35mSTATE:[39m test-backend-node-gpu.js passed: sensitive face result match 
2024-04-17 11:35:56 [35mSTATE:[39m test-backend-node-gpu.js passed: sensitive face emotion result [{"score":0.48,"emotion":"angry"},{"score":0.31,"emotion":"fear"},{"score":0.11,"emotion":"neutral"}] 
2024-04-17 11:35:56 [35mSTATE:[39m test-backend-node-gpu.js passed: sensitive body result match 
2024-04-17 11:35:56 [35mSTATE:[39m test-backend-node-gpu.js passed: sensitive hand result match 
2024-04-17 11:35:56 [36mINFO: [39m test-backend-node-gpu.js test body 
2024-04-17 11:35:56 [35mSTATE:[39m test-backend-node-gpu.js start blazepose 
2024-04-17 11:35:58 [35mSTATE:[39m test-backend-node-gpu.js passed: load image: samples/in/ai-body.jpg [1,1200,1200,3] {"checksum":1004796864} 
2024-04-17 11:35:58 [35mSTATE:[39m test-backend-node-gpu.js event: image 
2024-04-17 11:35:58 [35mSTATE:[39m test-backend-node-gpu.js event: detect 
2024-04-17 11:35:58 [35mSTATE:[39m test-backend-node-gpu.js passed: detect: samples/in/ai-body.jpg blazepose 
2024-04-17 11:35:58 [32mDATA: [39m test-backend-node-gpu.js  result: face: 1 body: 1 hand: 2 gesture: 9 object: 0 person: 1 {"score":1,"age":23.6,"gender":"female"} {} {"score":0.99,"keypoints":39} 
2024-04-17 11:35:58 [32mDATA: [39m test-backend-node-gpu.js  result: performance: load: null total: 389 
2024-04-17 11:35:58 [35mSTATE:[39m test-backend-node-gpu.js passed: blazepose 
2024-04-17 11:35:58 [35mSTATE:[39m test-backend-node-gpu.js start efficientpose 
2024-04-17 11:35:58 [35mSTATE:[39m test-backend-node-gpu.js passed: load image: samples/in/ai-body.jpg [1,1200,1200,3] {"checksum":1004796864} 
2024-04-17 11:35:58 [35mSTATE:[39m test-backend-node-gpu.js event: image 
2024-04-17 11:35:59 [35mSTATE:[39m test-backend-node-gpu.js event: detect 
2024-04-17 11:35:59 [35mSTATE:[39m test-backend-node-gpu.js passed: detect: samples/in/ai-body.jpg efficientpose 
2024-04-17 11:35:59 [32mDATA: [39m test-backend-node-gpu.js  result: face: 1 body: 1 hand: 2 gesture: 9 object: 0 person: 1 {"score":1,"age":23.6,"gender":"female"} {} {"score":0.75,"keypoints":13} 
2024-04-17 11:35:59 [32mDATA: [39m test-backend-node-gpu.js  result: performance: load: null total: 313 
2024-04-17 11:35:59 [35mSTATE:[39m test-backend-node-gpu.js passed: efficientpose 
2024-04-17 11:35:59 [35mSTATE:[39m test-backend-node-gpu.js start posenet 
2024-04-17 11:35:59 [35mSTATE:[39m test-backend-node-gpu.js passed: load image: samples/in/ai-body.jpg [1,1200,1200,3] {"checksum":1004796864} 
2024-04-17 11:35:59 [35mSTATE:[39m test-backend-node-gpu.js event: image 
2024-04-17 11:35:59 [35mSTATE:[39m test-backend-node-gpu.js event: detect 
2024-04-17 11:35:59 [35mSTATE:[39m test-backend-node-gpu.js passed: detect: samples/in/ai-body.jpg posenet 
2024-04-17 11:35:59 [32mDATA: [39m test-backend-node-gpu.js  result: face: 1 body: 1 hand: 2 gesture: 9 object: 0 person: 1 {"score":1,"age":23.6,"gender":"female"} {} {"score":0.96,"keypoints":16} 
2024-04-17 11:35:59 [32mDATA: [39m test-backend-node-gpu.js  result: performance: load: null total: 251 
2024-04-17 11:35:59 [35mSTATE:[39m test-backend-node-gpu.js passed: posenet 
2024-04-17 11:35:59 [35mSTATE:[39m test-backend-node-gpu.js start movenet 
2024-04-17 11:35:59 [35mSTATE:[39m test-backend-node-gpu.js passed: load image: samples/in/ai-body.jpg [1,1200,1200,3] {"checksum":1004796864} 
2024-04-17 11:35:59 [35mSTATE:[39m test-backend-node-gpu.js event: image 
2024-04-17 11:36:00 [35mSTATE:[39m test-backend-node-gpu.js event: detect 
2024-04-17 11:36:00 [35mSTATE:[39m test-backend-node-gpu.js passed: detect: samples/in/ai-body.jpg movenet 
2024-04-17 11:36:00 [32mDATA: [39m test-backend-node-gpu.js  result: face: 1 body: 1 hand: 2 gesture: 9 object: 0 person: 1 {"score":1,"age":23.6,"gender":"female"} {} {"score":0.92,"keypoints":17} 
2024-04-17 11:36:00 [32mDATA: [39m test-backend-node-gpu.js  result: performance: load: null total: 273 
2024-04-17 11:36:00 [35mSTATE:[39m test-backend-node-gpu.js passed: movenet 
2024-04-17 11:36:00 [36mINFO: [39m test-backend-node-gpu.js test face matching 
2024-04-17 11:36:00 [35mSTATE:[39m test-backend-node-gpu.js passed: face database 40 
2024-04-17 11:36:00 [35mSTATE:[39m test-backend-node-gpu.js passed: face match {"first":{"index":4,"similarity":0.7809386318742207}} {"second":{"index":4,"similarity":0.5025798625267902}} {"third":{"index":4,"similarity":0.5405999818839267}} 
2024-04-17 11:36:00 [36mINFO: [39m test-backend-node-gpu.js test face similarity alternative 
2024-04-17 11:36:00 [35mSTATE:[39m test-backend-node-gpu.js start face embeddings 
2024-04-17 11:36:00 [35mSTATE:[39m test-backend-node-gpu.js passed: load image: samples/in/ai-face.jpg [1,256,256,3] {"checksum":34696120} 
2024-04-17 11:36:00 [35mSTATE:[39m test-backend-node-gpu.js event: image 
2024-04-17 11:36:01 [35mSTATE:[39m test-backend-node-gpu.js event: detect 
2024-04-17 11:36:01 [35mSTATE:[39m test-backend-node-gpu.js passed: detect: samples/in/ai-face.jpg face embeddings 
2024-04-17 11:36:01 [32mDATA: [39m test-backend-node-gpu.js  result: face: 1 body: 1 hand: 2 gesture: 8 object: 0 person: 1 {"score":1,"age":23.6,"gender":"female"} {} {"score":0.47,"keypoints":3} 
2024-04-17 11:36:01 [32mDATA: [39m test-backend-node-gpu.js  result: performance: load: null total: 363 
2024-04-17 11:36:01 [35mSTATE:[39m test-backend-node-gpu.js passed: mobilefacenet {"embedding":192} 
2024-04-17 11:36:01 [35mSTATE:[39m test-backend-node-gpu.js start face embeddings 
2024-04-17 11:36:01 [35mSTATE:[39m test-backend-node-gpu.js passed: load image: samples/in/ai-face.jpg [1,256,256,3] {"checksum":34696120} 
2024-04-17 11:36:01 [35mSTATE:[39m test-backend-node-gpu.js event: image 
2024-04-17 11:36:02 [35mSTATE:[39m test-backend-node-gpu.js event: detect 
2024-04-17 11:36:02 [35mSTATE:[39m test-backend-node-gpu.js passed: detect: samples/in/ai-face.jpg face embeddings 
2024-04-17 11:36:02 [32mDATA: [39m test-backend-node-gpu.js  result: face: 1 body: 1 hand: 2 gesture: 8 object: 0 person: 1 {"score":1,"age":23.6,"gender":"female"} {} {"score":0.47,"keypoints":3} 
2024-04-17 11:36:02 [32mDATA: [39m test-backend-node-gpu.js  result: performance: load: null total: 349 
2024-04-17 11:36:02 [35mSTATE:[39m test-backend-node-gpu.js passed: insightface {"embedding":512} 
2024-04-17 11:36:02 [36mINFO: [39m test-backend-node-gpu.js test face attention 
2024-04-17 11:36:02 [35mSTATE:[39m test-backend-node-gpu.js start face attention 
2024-04-17 11:36:02 [35mSTATE:[39m test-backend-node-gpu.js passed: load image: samples/in/ai-face.jpg [1,256,256,3] {"checksum":34696120} 
2024-04-17 11:36:02 [35mSTATE:[39m test-backend-node-gpu.js event: image 
2024-04-17 11:36:02 [35mSTATE:[39m test-backend-node-gpu.js event: detect 
2024-04-17 11:36:02 [35mSTATE:[39m test-backend-node-gpu.js passed: detect: samples/in/ai-face.jpg face attention 
2024-04-17 11:36:02 [32mDATA: [39m test-backend-node-gpu.js  result: face: 1 body: 1 hand: 2 gesture: 7 object: 0 person: 1 {"score":1,"age":23.6,"gender":"female"} {} {"score":0.47,"keypoints":3} 
2024-04-17 11:36:02 [32mDATA: [39m test-backend-node-gpu.js  result: performance: load: null total: 380 
2024-04-17 11:36:02 [35mSTATE:[39m test-backend-node-gpu.js passed: face attention 
2024-04-17 11:36:02 [36mINFO: [39m test-backend-node-gpu.js test detectors 
2024-04-17 11:36:02 [35mSTATE:[39m test-backend-node-gpu.js start detectors 
2024-04-17 11:36:02 [35mSTATE:[39m test-backend-node-gpu.js passed: load image: samples/in/ai-body.jpg [1,1200,1200,3] {"checksum":1004796864} 
2024-04-17 11:36:02 [35mSTATE:[39m test-backend-node-gpu.js event: image 
2024-04-17 11:36:03 [35mSTATE:[39m test-backend-node-gpu.js event: detect 
2024-04-17 11:36:03 [35mSTATE:[39m test-backend-node-gpu.js passed: detect: samples/in/ai-body.jpg detectors 
2024-04-17 11:36:03 [32mDATA: [39m test-backend-node-gpu.js  result: face: 1 body: 1 hand: 1 gesture: 0 object: 0 person: 1 {"score":0.93,"gender":"unknown"} {} {"score":0.92,"keypoints":17} 
2024-04-17 11:36:03 [32mDATA: [39m test-backend-node-gpu.js  result: performance: load: null total: 164 
2024-04-17 11:36:03 [35mSTATE:[39m test-backend-node-gpu.js passed: detector result face match 
2024-04-17 11:36:03 [35mSTATE:[39m test-backend-node-gpu.js passed: detector result hand match 
2024-04-17 11:36:03 [36mINFO: [39m test-backend-node-gpu.js test: multi-instance 
2024-04-17 11:36:03 [35mSTATE:[39m test-backend-node-gpu.js start multi instance 
2024-04-17 11:36:03 [35mSTATE:[39m test-backend-node-gpu.js event: image 
2024-04-17 11:36:03 [35mSTATE:[39m test-backend-node-gpu.js event: detect 
2024-04-17 11:36:03 [35mSTATE:[39m test-backend-node-gpu.js passed: detect: random multi instance 
2024-04-17 11:36:03 [32mDATA: [39m test-backend-node-gpu.js  result: face: 0 body: 1 hand: 0 gesture: 0 object: 0 person: 0 {} {} {"score":0,"keypoints":0} 
2024-04-17 11:36:03 [32mDATA: [39m test-backend-node-gpu.js  result: performance: load: null total: 143 
2024-04-17 11:36:03 [36mINFO: [39m test-backend-node-gpu.js test: first instance 
2024-04-17 11:36:03 [35mSTATE:[39m test-backend-node-gpu.js start multi instance 
2024-04-17 11:36:03 [35mSTATE:[39m test-backend-node-gpu.js passed: load image: samples/in/ai-upper.jpg [1,720,688,3] {"checksum":151289024} 
2024-04-17 11:36:03 [35mSTATE:[39m test-backend-node-gpu.js passed: detect: samples/in/ai-upper.jpg multi instance 
2024-04-17 11:36:03 [32mDATA: [39m test-backend-node-gpu.js  result: face: 1 body: 1 hand: 0 gesture: 0 object: 0 person: 1 {"score":0.97,"gender":"unknown"} {} {"score":0.75,"keypoints":7} 
2024-04-17 11:36:03 [32mDATA: [39m test-backend-node-gpu.js  result: performance: load: null total: 126 
2024-04-17 11:36:03 [36mINFO: [39m test-backend-node-gpu.js test: second instance 
2024-04-17 11:36:03 [35mSTATE:[39m test-backend-node-gpu.js start multi instance 
2024-04-17 11:36:03 [35mSTATE:[39m test-backend-node-gpu.js passed: load image: samples/in/ai-upper.jpg [1,720,688,3] {"checksum":151289024} 
2024-04-17 11:36:03 [35mSTATE:[39m test-backend-node-gpu.js passed: detect: samples/in/ai-upper.jpg multi instance 
2024-04-17 11:36:03 [32mDATA: [39m test-backend-node-gpu.js  result: face: 1 body: 1 hand: 0 gesture: 0 object: 0 person: 1 {"score":0.97,"gender":"unknown"} {} {"score":0.75,"keypoints":7} 
2024-04-17 11:36:03 [32mDATA: [39m test-backend-node-gpu.js  result: performance: load: null total: 130 
2024-04-17 11:36:03 [36mINFO: [39m test-backend-node-gpu.js test: concurrent 
2024-04-17 11:36:03 [35mSTATE:[39m test-backend-node-gpu.js start concurrent 
2024-04-17 11:36:03 [35mSTATE:[39m test-backend-node-gpu.js start concurrent 
2024-04-17 11:36:03 [35mSTATE:[39m test-backend-node-gpu.js start concurrent 
2024-04-17 11:36:03 [35mSTATE:[39m test-backend-node-gpu.js start concurrent 
2024-04-17 11:36:03 [35mSTATE:[39m test-backend-node-gpu.js start concurrent 
2024-04-17 11:36:03 [35mSTATE:[39m test-backend-node-gpu.js start concurrent 
2024-04-17 11:36:03 [35mSTATE:[39m test-backend-node-gpu.js start concurrent 
2024-04-17 11:36:03 [35mSTATE:[39m test-backend-node-gpu.js start concurrent 
2024-04-17 11:36:03 [35mSTATE:[39m test-backend-node-gpu.js start concurrent 
2024-04-17 11:36:03 [35mSTATE:[39m test-backend-node-gpu.js passed: load image: samples/in/ai-face.jpg [1,256,256,3] {"checksum":34696120} 
2024-04-17 11:36:03 [35mSTATE:[39m test-backend-node-gpu.js passed: load image: samples/in/ai-face.jpg [1,256,256,3] {"checksum":34696120} 
2024-04-17 11:36:03 [35mSTATE:[39m test-backend-node-gpu.js passed: load image: samples/in/ai-face.jpg [1,256,256,3] {"checksum":34696120} 
2024-04-17 11:36:04 [35mSTATE:[39m test-backend-node-gpu.js passed: load image: samples/in/ai-body.jpg [1,1200,1200,3] {"checksum":1004796864} 
2024-04-17 11:36:04 [35mSTATE:[39m test-backend-node-gpu.js passed: load image: samples/in/ai-body.jpg [1,1200,1200,3] {"checksum":1004796864} 
2024-04-17 11:36:04 [35mSTATE:[39m test-backend-node-gpu.js passed: load image: samples/in/ai-body.jpg [1,1200,1200,3] {"checksum":1004796864} 
2024-04-17 11:36:04 [35mSTATE:[39m test-backend-node-gpu.js passed: load image: samples/in/ai-upper.jpg [1,720,688,3] {"checksum":151289024} 
2024-04-17 11:36:04 [35mSTATE:[39m test-backend-node-gpu.js passed: load image: samples/in/ai-upper.jpg [1,720,688,3] {"checksum":151289024} 
2024-04-17 11:36:04 [35mSTATE:[39m test-backend-node-gpu.js passed: load image: samples/in/ai-upper.jpg [1,720,688,3] {"checksum":151289024} 
2024-04-17 11:36:04 [35mSTATE:[39m test-backend-node-gpu.js event: image 
2024-04-17 11:36:04 [35mSTATE:[39m test-backend-node-gpu.js event: image 
2024-04-17 11:36:04 [35mSTATE:[39m test-backend-node-gpu.js event: image 
2024-04-17 11:36:05 [35mSTATE:[39m test-backend-node-gpu.js event: detect 
2024-04-17 11:36:05 [35mSTATE:[39m test-backend-node-gpu.js passed: detect: samples/in/ai-upper.jpg concurrent 
2024-04-17 11:36:05 [32mDATA: [39m test-backend-node-gpu.js  result: face: 1 body: 1 hand: 0 gesture: 0 object: 0 person: 1 {"score":0.97,"gender":"unknown"} {} {"score":0.75,"keypoints":7} 
2024-04-17 11:36:05 [32mDATA: [39m test-backend-node-gpu.js  result: performance: load: null total: 1113 
2024-04-17 11:36:05 [35mSTATE:[39m test-backend-node-gpu.js passed: detect: samples/in/ai-upper.jpg concurrent 
2024-04-17 11:36:05 [32mDATA: [39m test-backend-node-gpu.js  result: face: 1 body: 1 hand: 0 gesture: 0 object: 0 person: 1 {"score":0.97,"gender":"unknown"} {} {"score":0.75,"keypoints":7} 
2024-04-17 11:36:05 [32mDATA: [39m test-backend-node-gpu.js  result: performance: load: null total: 1113 
2024-04-17 11:36:05 [35mSTATE:[39m test-backend-node-gpu.js passed: detect: samples/in/ai-upper.jpg concurrent 
2024-04-17 11:36:05 [32mDATA: [39m test-backend-node-gpu.js  result: face: 1 body: 1 hand: 0 gesture: 0 object: 0 person: 1 {"score":0.97,"gender":"unknown"} {} {"score":0.75,"keypoints":7} 
2024-04-17 11:36:05 [32mDATA: [39m test-backend-node-gpu.js  result: performance: load: null total: 1113 
2024-04-17 11:36:05 [35mSTATE:[39m test-backend-node-gpu.js event: detect 
2024-04-17 11:36:05 [35mSTATE:[39m test-backend-node-gpu.js event: detect 
2024-04-17 11:36:05 [35mSTATE:[39m test-backend-node-gpu.js passed: detect: samples/in/ai-face.jpg concurrent 
2024-04-17 11:36:05 [32mDATA: [39m test-backend-node-gpu.js  result: face: 1 body: 1 hand: 1 gesture: 0 object: 0 person: 1 {"score":0.9,"gender":"unknown"} {} {"score":0.47,"keypoints":3} 
2024-04-17 11:36:05 [32mDATA: [39m test-backend-node-gpu.js  result: performance: load: null total: 1113 
2024-04-17 11:36:05 [35mSTATE:[39m test-backend-node-gpu.js passed: detect: samples/in/ai-face.jpg concurrent 
2024-04-17 11:36:05 [32mDATA: [39m test-backend-node-gpu.js  result: face: 1 body: 1 hand: 1 gesture: 0 object: 0 person: 1 {"score":0.9,"gender":"unknown"} {} {"score":0.47,"keypoints":3} 
2024-04-17 11:36:05 [32mDATA: [39m test-backend-node-gpu.js  result: performance: load: null total: 1113 
2024-04-17 11:36:05 [35mSTATE:[39m test-backend-node-gpu.js passed: detect: samples/in/ai-face.jpg concurrent 
2024-04-17 11:36:05 [32mDATA: [39m test-backend-node-gpu.js  result: face: 1 body: 1 hand: 1 gesture: 0 object: 0 person: 1 {"score":0.9,"gender":"unknown"} {} {"score":0.47,"keypoints":3} 
2024-04-17 11:36:05 [32mDATA: [39m test-backend-node-gpu.js  result: performance: load: null total: 1113 
2024-04-17 11:36:05 [35mSTATE:[39m test-backend-node-gpu.js passed: detect: samples/in/ai-body.jpg concurrent 
2024-04-17 11:36:05 [32mDATA: [39m test-backend-node-gpu.js  result: face: 1 body: 1 hand: 1 gesture: 0 object: 0 person: 1 {"score":0.93,"gender":"unknown"} {} {"score":0.92,"keypoints":17} 
2024-04-17 11:36:05 [32mDATA: [39m test-backend-node-gpu.js  result: performance: load: null total: 1113 
2024-04-17 11:36:05 [35mSTATE:[39m test-backend-node-gpu.js passed: detect: samples/in/ai-body.jpg concurrent 
2024-04-17 11:36:05 [32mDATA: [39m test-backend-node-gpu.js  result: face: 1 body: 1 hand: 1 gesture: 0 object: 0 person: 1 {"score":0.93,"gender":"unknown"} {} {"score":0.92,"keypoints":17} 
2024-04-17 11:36:05 [32mDATA: [39m test-backend-node-gpu.js  result: performance: load: null total: 1113 
2024-04-17 11:36:05 [35mSTATE:[39m test-backend-node-gpu.js passed: detect: samples/in/ai-body.jpg concurrent 
2024-04-17 11:36:05 [32mDATA: [39m test-backend-node-gpu.js  result: face: 1 body: 1 hand: 1 gesture: 0 object: 0 person: 1 {"score":0.93,"gender":"unknown"} {} {"score":0.92,"keypoints":17} 
2024-04-17 11:36:05 [32mDATA: [39m test-backend-node-gpu.js  result: performance: load: null total: 1113 
2024-04-17 11:36:05 [36mINFO: [39m test-backend-node-gpu.js test: monkey-patch 
2024-04-17 11:36:05 [35mSTATE:[39m test-backend-node-gpu.js event: image 
2024-04-17 11:36:05 [35mSTATE:[39m test-backend-node-gpu.js event: detect 
2024-04-17 11:36:05 [35mSTATE:[39m test-backend-node-gpu.js passed: monkey patch 
2024-04-17 11:36:06 [35mSTATE:[39m test-backend-node-gpu.js passed: segmentation [262144] 
2024-04-17 11:36:06 [35mSTATE:[39m test-backend-node-gpu.js passeed: equal usage 
2024-04-17 11:36:06 [36mINFO: [39m test-backend-node-gpu.js test: input compare 
2024-04-17 11:36:06 [35mSTATE:[39m test-backend-node-gpu.js passed: load image: samples/in/ai-face.jpg [1,256,256,3] {"checksum":34696120} 
2024-04-17 11:36:06 [35mSTATE:[39m test-backend-node-gpu.js passed: load image: samples/in/ai-body.jpg [1,1200,1200,3] {"checksum":1004796864} 
2024-04-17 11:36:06 [35mSTATE:[39m test-backend-node-gpu.js passed: image compare 0 23.275441687091504 
2024-04-17 11:36:06 [36mINFO: [39m test-backend-node-gpu.js events: {"image":29,"detect":29,"warmup":2} 
2024-04-17 11:36:06 [36mINFO: [39m test-backend-node-gpu.js tensors 14855 
2024-04-17 11:36:06 [36mINFO: [39m test-backend-node-gpu.js test complete: 17495 ms 
2024-04-17 11:36:06 [36mINFO: [39m 
2024-04-17 11:36:06 [36mINFO: [39m test-backend-node-wasm.js start 
2024-04-17 11:36:06 [32mDATA: [39m test-backend-node-wasm.js stdout: 2024-04-17 11:36:06 [36mINFO: [39m { supported: [33mtrue[39m, backend: [33mtrue[39m, simd: [90mundefined[39m, multithread: [90mundefined[39m } https://cdn.jsdelivr.net/npm/@tensorflow/tfjs-backend-wasm@4.17.0/dist/ 
2024-04-17 11:36:06 [35mSTATE:[39m test-backend-node-wasm.js passed: model server: /human-models/models/ 
2024-04-17 11:36:06 [36mINFO: [39m test-backend-node-wasm.js test: configuration validation 
2024-04-17 11:36:06 [35mSTATE:[39m test-backend-node-wasm.js passed: configuration default validation [] 
2024-04-17 11:36:06 [35mSTATE:[39m test-backend-node-wasm.js passed: configuration invalid validation [{"reason":"unknown property","where":"config.invalid = true"}] 
2024-04-17 11:36:06 [36mINFO: [39m test-backend-node-wasm.js test: model load 
2024-04-17 11:36:07 [35mSTATE:[39m test-backend-node-wasm.js passed: models loaded 11 11 [{"name":"antispoof","loaded":true,"size":0,"url":"/human-models/models/antispoof.json"},{"name":"liveness","loaded":true,"size":0,"url":"/human-models/models/liveness.json"},{"name":"blazeface","loaded":true,"size":0,"url":"/human-models/models/blazeface.json"},{"name":"emotion","loaded":true,"size":0,"url":"/human-models/models/emotion.json"},{"name":"faceres","loaded":true,"size":0,"url":"/human-models/models/faceres.json"},{"name":"handskeleton","loaded":true,"size":0,"url":"/human-models/models/handlandmark-lite.json"},{"name":"centernet","loaded":true,"size":0,"url":"/human-models/models/centernet.json"},{"name":"iris","loaded":true,"size":0,"url":"/human-models/models/iris.json"},{"name":"movenet","loaded":true,"size":0,"url":"/human-models/models/movenet-lightning.json"},{"name":"facemesh","loaded":true,"size":0,"url":"/human-models/models/facemesh.json"},{"name":"handtrack","loaded":true,"size":0,"url":"/human-models/models/handtrack.json"}] 
2024-04-17 11:36:07 [36mINFO: [39m test-backend-node-wasm.js memory: {"memory":{"unreliable":false,"numTensors":1785,"numDataBuffers":1785,"numBytes":56431460}} 
2024-04-17 11:36:07 [36mINFO: [39m test-backend-node-wasm.js state: {"state":{"registeredVariables":{},"nextTapeNodeId":0,"numBytes":56431460,"numTensors":1785,"numStringTensors":0,"numDataBuffers":1785,"gradientDepth":0,"kernelDepth":0,"scopeStack":[],"numDataMovesStack":[],"nextScopeId":0,"tensorInfo":{},"profiling":false,"activeProfile":{"newBytes":0,"newTensors":0,"peakBytes":0,"kernels":[],"result":null,"kernelNames":[]}}} 
2024-04-17 11:36:07 [36mINFO: [39m test-backend-node-wasm.js test: warmup 
2024-04-17 11:36:07 [35mSTATE:[39m test-backend-node-wasm.js passed: create human 
2024-04-17 11:36:07 [36mINFO: [39m test-backend-node-wasm.js human version: 3.2.2 
2024-04-17 11:36:07 [36mINFO: [39m test-backend-node-wasm.js platform:  agent:  
2024-04-17 11:36:07 [36mINFO: [39m test-backend-node-wasm.js tfjs version: 4.17.0 
2024-04-17 11:36:07 [36mINFO: [39m test-backend-node-wasm.js env: {"browser":false,"node":true,"platform":"","agent":"","backends":["wasm"],"initial":false,"tfjs":{"version":"4.17.0"},"offscreen":false,"perfadd":false,"tensorflow":{},"wasm":{"supported":true,"backend":true,"simd":true,"multithread":false},"webgl":{"supported":false,"backend":false},"webgpu":{"supported":false,"backend":false},"cpu":{"flags":[]},"kernels":174} 
2024-04-17 11:36:07 [35mSTATE:[39m test-backend-node-wasm.js passed: set backend: wasm 
2024-04-17 11:36:07 [35mSTATE:[39m test-backend-node-wasm.js tensors 1785 
2024-04-17 11:36:07 [35mSTATE:[39m test-backend-node-wasm.js  result: defined models: 11 loaded models: 11 
2024-04-17 11:36:07 [35mSTATE:[39m test-backend-node-wasm.js passed: load models 11 
2024-04-17 11:36:07 [35mSTATE:[39m test-backend-node-wasm.js passed: warmup: none default 
2024-04-17 11:36:07 [32mDATA: [39m test-backend-node-wasm.js  result: face: 0 body: 0 hand: 0 gesture: 0 object: 0 person: 0 {} {} {} 
2024-04-17 11:36:07 [32mDATA: [39m test-backend-node-wasm.js  result: performance: load: null total: null 
2024-04-17 11:36:07 [35mSTATE:[39m test-backend-node-wasm.js passed: warmup none result match 
2024-04-17 11:36:07 [35mSTATE:[39m test-backend-node-wasm.js event: image 
2024-04-17 11:36:08 [35mSTATE:[39m test-backend-node-wasm.js event: detect 
2024-04-17 11:36:08 [35mSTATE:[39m test-backend-node-wasm.js event: warmup 
2024-04-17 11:36:08 [35mSTATE:[39m test-backend-node-wasm.js passed: warmup: face default 
2024-04-17 11:36:08 [32mDATA: [39m test-backend-node-wasm.js  result: face: 1 body: 1 hand: 1 gesture: 6 object: 1 person: 1 {"score":1,"age":23.6,"gender":"female"} {"score":0.82,"class":"person"} {"score":0.47,"keypoints":3} 
2024-04-17 11:36:08 [32mDATA: [39m test-backend-node-wasm.js  result: performance: load: null total: 447 
2024-04-17 11:36:08 [35mSTATE:[39m test-backend-node-wasm.js passed: warmup face result match 
2024-04-17 11:36:08 [35mSTATE:[39m test-backend-node-wasm.js event: image 
2024-04-17 11:36:08 [35mSTATE:[39m test-backend-node-wasm.js event: detect 
2024-04-17 11:36:08 [35mSTATE:[39m test-backend-node-wasm.js event: warmup 
2024-04-17 11:36:08 [35mSTATE:[39m test-backend-node-wasm.js passed: warmup: body default 
2024-04-17 11:36:08 [32mDATA: [39m test-backend-node-wasm.js  result: face: 1 body: 1 hand: 1 gesture: 7 object: 1 person: 1 {"score":1,"age":23.6,"gender":"female"} {"score":0.72,"class":"person"} {"score":0.92,"keypoints":17} 
2024-04-17 11:36:08 [32mDATA: [39m test-backend-node-wasm.js  result: performance: load: null total: 327 
2024-04-17 11:36:08 [35mSTATE:[39m test-backend-node-wasm.js passed: warmup body result match 
2024-04-17 11:36:08 [35mSTATE:[39m test-backend-node-wasm.js details: {"face":{"boxScore":0.93,"faceScore":1,"age":23.6,"gender":"female","genderScore":0.97},"emotion":[{"score":0.48,"emotion":"angry"},{"score":0.31,"emotion":"fear"},{"score":0.11,"emotion":"neutral"}],"body":{"score":0.92,"keypoints":17},"hand":{"boxScore":0.51,"fingerScore":0.73,"keypoints":21},"gestures":[{"face":0,"gesture":"facing right"},{"face":0,"gesture":"mouth 16% open"},{"hand":0,"gesture":"pinky forward"},{"hand":0,"gesture":"thumb up"},{"hand":0,"gesture":"open palm"},{"iris":0,"gesture":"looking left"},{"iris":0,"gesture":"looking up"}]} 
2024-04-17 11:36:08 [36mINFO: [39m test-backend-node-wasm.js test: details verification 
2024-04-17 11:36:08 [35mSTATE:[39m test-backend-node-wasm.js start default 
2024-04-17 11:36:08 [35mSTATE:[39m test-backend-node-wasm.js passed: load image: samples/in/ai-body.jpg [1,1200,1200,3] {"checksum":1038921856} 
2024-04-17 11:36:08 [35mSTATE:[39m test-backend-node-wasm.js event: image 
2024-04-17 11:36:09 [35mSTATE:[39m test-backend-node-wasm.js event: detect 
2024-04-17 11:36:09 [35mSTATE:[39m test-backend-node-wasm.js passed: detect: samples/in/ai-body.jpg default 
2024-04-17 11:36:09 [32mDATA: [39m test-backend-node-wasm.js  result: face: 1 body: 1 hand: 1 gesture: 7 object: 1 person: 1 {"score":1,"age":23.6,"gender":"female"} {"score":0.72,"class":"person"} {"score":0.92,"keypoints":17} 
2024-04-17 11:36:09 [32mDATA: [39m test-backend-node-wasm.js  result: performance: load: null total: 312 
2024-04-17 11:36:09 [35mSTATE:[39m test-backend-node-wasm.js passed: details face length 1 
2024-04-17 11:36:09 [35mSTATE:[39m test-backend-node-wasm.js passed: details face score 1 0.93 1 
2024-04-17 11:36:09 [35mSTATE:[39m test-backend-node-wasm.js passed: details face age/gender 23.6 female 0.97 2.34 
2024-04-17 11:36:09 [35mSTATE:[39m test-backend-node-wasm.js passed: details face arrays 4 478 1024 
2024-04-17 11:36:09 [35mSTATE:[39m test-backend-node-wasm.js passed: details face emotion 3 {"score":0.48,"emotion":"angry"} 
2024-04-17 11:36:09 [35mSTATE:[39m test-backend-node-wasm.js passed: details face anti-spoofing 0.8 
2024-04-17 11:36:09 [35mSTATE:[39m test-backend-node-wasm.js passed: details face liveness 0.93 
2024-04-17 11:36:09 [35mSTATE:[39m test-backend-node-wasm.js passed: details body length 1 
2024-04-17 11:36:09 [35mSTATE:[39m test-backend-node-wasm.js passed: details body 0.92 17 6 
2024-04-17 11:36:09 [35mSTATE:[39m test-backend-node-wasm.js passed: details hand length 1 
2024-04-17 11:36:09 [35mSTATE:[39m test-backend-node-wasm.js passed: details hand 0.51 0.73 point 
2024-04-17 11:36:09 [35mSTATE:[39m test-backend-node-wasm.js passed: details hand arrays 21 5 7 
2024-04-17 11:36:09 [35mSTATE:[39m test-backend-node-wasm.js passed: details gesture length 7 
2024-04-17 11:36:09 [35mSTATE:[39m test-backend-node-wasm.js passed: details gesture first {"face":0,"gesture":"facing right"} 
2024-04-17 11:36:09 [35mSTATE:[39m test-backend-node-wasm.js passed: details object length 1 
2024-04-17 11:36:09 [35mSTATE:[39m test-backend-node-wasm.js passed: details object 0.72 person 
2024-04-17 11:36:09 [35mSTATE:[39m test-backend-node-wasm.js passed: load image: samples/in/ai-body.jpg [1,1200,1200,4] {"checksum":1413675264} 
2024-04-17 11:36:09 [35mSTATE:[39m test-backend-node-wasm.js event: image 
2024-04-17 11:36:09 [35mSTATE:[39m test-backend-node-wasm.js event: detect 
2024-04-17 11:36:09 [35mSTATE:[39m test-backend-node-wasm.js passed: tensor shape: [1,1200,1200,4] dtype: float32 
2024-04-17 11:36:09 [35mSTATE:[39m test-backend-node-wasm.js passed: load image: samples/in/ai-body.jpg [1200,1200,4] {"checksum":1413675264} 
2024-04-17 11:36:09 [35mSTATE:[39m test-backend-node-wasm.js event: image 
2024-04-17 11:36:10 [35mSTATE:[39m test-backend-node-wasm.js event: detect 
2024-04-17 11:36:10 [35mSTATE:[39m test-backend-node-wasm.js passed: tensor shape: [1200,1200,4] dtype: float32 
2024-04-17 11:36:10 [35mSTATE:[39m test-backend-node-wasm.js passed: load image: samples/in/ai-body.jpg [1,1200,1200,3] {"checksum":1038921856} 
2024-04-17 11:36:10 [35mSTATE:[39m test-backend-node-wasm.js event: image 
2024-04-17 11:36:10 [35mSTATE:[39m test-backend-node-wasm.js event: detect 
2024-04-17 11:36:10 [35mSTATE:[39m test-backend-node-wasm.js passed: tensor shape: [1,1200,1200,3] dtype: float32 
2024-04-17 11:36:10 [35mSTATE:[39m test-backend-node-wasm.js passed: load image: samples/in/ai-body.jpg [1200,1200,3] {"checksum":1038921856} 
2024-04-17 11:36:10 [35mSTATE:[39m test-backend-node-wasm.js event: image 
2024-04-17 11:36:11 [35mSTATE:[39m test-backend-node-wasm.js event: detect 
2024-04-17 11:36:11 [35mSTATE:[39m test-backend-node-wasm.js passed: tensor shape: [1200,1200,3] dtype: float32 
2024-04-17 11:36:11 [35mSTATE:[39m test-backend-node-wasm.js passed: load image: samples/in/ai-body.jpg [1,1200,1200,4] {"checksum":1371996871} 
2024-04-17 11:36:11 [35mSTATE:[39m test-backend-node-wasm.js event: image 
2024-04-17 11:36:11 [35mSTATE:[39m test-backend-node-wasm.js event: detect 
2024-04-17 11:36:11 [35mSTATE:[39m test-backend-node-wasm.js passed: tensor shape: [1,1200,1200,4] dtype: int32 
2024-04-17 11:36:11 [36mINFO: [39m test-backend-node-wasm.js test default 
2024-04-17 11:36:11 [35mSTATE:[39m test-backend-node-wasm.js start async 
2024-04-17 11:36:13 [35mSTATE:[39m test-backend-node-wasm.js passed: load image: samples/in/ai-body.jpg [1,1200,1200,3] {"checksum":1038921856} 
2024-04-17 11:36:13 [35mSTATE:[39m test-backend-node-wasm.js event: image 
2024-04-17 11:36:13 [35mSTATE:[39m test-backend-node-wasm.js event: detect 
2024-04-17 11:36:13 [35mSTATE:[39m test-backend-node-wasm.js passed: detect: samples/in/ai-body.jpg async 
2024-04-17 11:36:13 [32mDATA: [39m test-backend-node-wasm.js  result: face: 1 body: 1 hand: 1 gesture: 7 object: 1 person: 1 {"score":1,"age":23.6,"gender":"female"} {"score":0.72,"class":"person"} {"score":0.92,"keypoints":17} 
2024-04-17 11:36:13 [32mDATA: [39m test-backend-node-wasm.js  result: performance: load: null total: 376 
2024-04-17 11:36:13 [35mSTATE:[39m test-backend-node-wasm.js passed: default result face match 1 female 0.97 
2024-04-17 11:36:13 [36mINFO: [39m test-backend-node-wasm.js test sync 
2024-04-17 11:36:13 [35mSTATE:[39m test-backend-node-wasm.js start sync 
2024-04-17 11:36:14 [35mSTATE:[39m test-backend-node-wasm.js passed: load image: samples/in/ai-body.jpg [1,1200,1200,3] {"checksum":1038921856} 
2024-04-17 11:36:14 [35mSTATE:[39m test-backend-node-wasm.js event: image 
2024-04-17 11:36:15 [35mSTATE:[39m test-backend-node-wasm.js event: detect 
2024-04-17 11:36:15 [35mSTATE:[39m test-backend-node-wasm.js passed: detect: samples/in/ai-body.jpg sync 
2024-04-17 11:36:15 [32mDATA: [39m test-backend-node-wasm.js  result: face: 1 body: 1 hand: 1 gesture: 7 object: 1 person: 1 {"score":1,"age":23.6,"gender":"female"} {"score":0.72,"class":"person"} {"score":0.92,"keypoints":17} 
2024-04-17 11:36:15 [32mDATA: [39m test-backend-node-wasm.js  result: performance: load: null total: 398 
2024-04-17 11:36:15 [35mSTATE:[39m test-backend-node-wasm.js passed: default sync 1 female 0.97 
2024-04-17 11:36:15 [36mINFO: [39m test-backend-node-wasm.js test: image process 
2024-04-17 11:36:15 [35mSTATE:[39m test-backend-node-wasm.js passed: load image: samples/in/ai-face.jpg [1,256,256,3] {"checksum":34697856} 
2024-04-17 11:36:15 [35mSTATE:[39m test-backend-node-wasm.js passed: image input null [1,256,256,3] 
2024-04-17 11:36:15 [36mINFO: [39m test-backend-node-wasm.js test: image null 
2024-04-17 11:36:15 [35mSTATE:[39m test-backend-node-wasm.js passed: invalid input could not convert input to tensor 
2024-04-17 11:36:15 [36mINFO: [39m test-backend-node-wasm.js test face similarity 
2024-04-17 11:36:15 [35mSTATE:[39m test-backend-node-wasm.js start face similarity 
2024-04-17 11:36:16 [35mSTATE:[39m test-backend-node-wasm.js passed: load image: samples/in/ai-face.jpg [1,256,256,3] {"checksum":34697856} 
2024-04-17 11:36:16 [35mSTATE:[39m test-backend-node-wasm.js event: image 
2024-04-17 11:36:16 [35mSTATE:[39m test-backend-node-wasm.js event: detect 
2024-04-17 11:36:16 [35mSTATE:[39m test-backend-node-wasm.js passed: detect: samples/in/ai-face.jpg face similarity 
2024-04-17 11:36:16 [32mDATA: [39m test-backend-node-wasm.js  result: face: 1 body: 1 hand: 1 gesture: 6 object: 1 person: 1 {"score":1,"age":23.6,"gender":"female"} {"score":0.82,"class":"person"} {"score":0.47,"keypoints":3} 
2024-04-17 11:36:16 [32mDATA: [39m test-backend-node-wasm.js  result: performance: load: null total: 417 
2024-04-17 11:36:16 [35mSTATE:[39m test-backend-node-wasm.js start face similarity 
2024-04-17 11:36:17 [35mSTATE:[39m test-backend-node-wasm.js passed: load image: samples/in/ai-body.jpg [1,1200,1200,3] {"checksum":1038921856} 
2024-04-17 11:36:17 [35mSTATE:[39m test-backend-node-wasm.js event: image 
2024-04-17 11:36:17 [35mSTATE:[39m test-backend-node-wasm.js event: detect 
2024-04-17 11:36:17 [35mSTATE:[39m test-backend-node-wasm.js passed: detect: samples/in/ai-body.jpg face similarity 
2024-04-17 11:36:17 [32mDATA: [39m test-backend-node-wasm.js  result: face: 1 body: 1 hand: 1 gesture: 7 object: 1 person: 1 {"score":1,"age":23.6,"gender":"female"} {"score":0.72,"class":"person"} {"score":0.92,"keypoints":17} 
2024-04-17 11:36:17 [32mDATA: [39m test-backend-node-wasm.js  result: performance: load: null total: 319 
2024-04-17 11:36:17 [35mSTATE:[39m test-backend-node-wasm.js start face similarity 
2024-04-17 11:36:17 [35mSTATE:[39m test-backend-node-wasm.js passed: load image: samples/in/ai-upper.jpg [1,720,688,3] {"checksum":151155104} 
2024-04-17 11:36:17 [35mSTATE:[39m test-backend-node-wasm.js event: image 
2024-04-17 11:36:17 [35mSTATE:[39m test-backend-node-wasm.js event: detect 
2024-04-17 11:36:17 [35mSTATE:[39m test-backend-node-wasm.js passed: detect: samples/in/ai-upper.jpg face similarity 
2024-04-17 11:36:17 [32mDATA: [39m test-backend-node-wasm.js  result: face: 1 body: 1 hand: 0 gesture: 4 object: 1 person: 1 {"score":1,"age":23.5,"gender":"female"} {"score":0.71,"class":"person"} {"score":0.75,"keypoints":7} 
2024-04-17 11:36:17 [32mDATA: [39m test-backend-node-wasm.js  result: performance: load: null total: 287 
2024-04-17 11:36:17 [35mSTATE:[39m test-backend-node-wasm.js passed: face descriptor 
2024-04-17 11:36:17 [35mSTATE:[39m test-backend-node-wasm.js passed: face similarity {"similarity":[1,0.433095097623687,0.5651909549949177],"descriptors":[1024,1024,1024]} 
2024-04-17 11:36:17 [36mINFO: [39m test-backend-node-wasm.js test object 
2024-04-17 11:36:17 [35mSTATE:[39m test-backend-node-wasm.js start object 
2024-04-17 11:36:17 [35mSTATE:[39m test-backend-node-wasm.js passed: load image: samples/in/ai-body.jpg [1,1200,1200,3] {"checksum":1038921856} 
2024-04-17 11:36:17 [35mSTATE:[39m test-backend-node-wasm.js event: image 
2024-04-17 11:36:18 [35mSTATE:[39m test-backend-node-wasm.js event: detect 
2024-04-17 11:36:18 [35mSTATE:[39m test-backend-node-wasm.js passed: detect: samples/in/ai-body.jpg object 
2024-04-17 11:36:18 [32mDATA: [39m test-backend-node-wasm.js  result: face: 1 body: 1 hand: 1 gesture: 7 object: 1 person: 1 {"score":1,"age":23.6,"gender":"female"} {"score":0.72,"class":"person"} {"score":0.92,"keypoints":17} 
2024-04-17 11:36:18 [32mDATA: [39m test-backend-node-wasm.js  result: performance: load: null total: 288 
2024-04-17 11:36:18 [35mSTATE:[39m test-backend-node-wasm.js passed: centernet 
2024-04-17 11:36:18 [35mSTATE:[39m test-backend-node-wasm.js start object 
2024-04-17 11:36:18 [35mSTATE:[39m test-backend-node-wasm.js passed: load image: samples/in/ai-body.jpg [1,1200,1200,3] {"checksum":1038921856} 
2024-04-17 11:36:18 [35mSTATE:[39m test-backend-node-wasm.js event: image 
2024-04-17 11:36:19 [35mSTATE:[39m test-backend-node-wasm.js event: detect 
2024-04-17 11:36:19 [35mSTATE:[39m test-backend-node-wasm.js passed: detect: samples/in/ai-body.jpg object 
2024-04-17 11:36:19 [32mDATA: [39m test-backend-node-wasm.js  result: face: 1 body: 1 hand: 1 gesture: 7 object: 3 person: 1 {"score":1,"age":23.6,"gender":"female"} {"score":0.86,"class":"person"} {"score":0.92,"keypoints":17} 
2024-04-17 11:36:19 [32mDATA: [39m test-backend-node-wasm.js  result: performance: load: null total: 341 
2024-04-17 11:36:19 [35mSTATE:[39m test-backend-node-wasm.js passed: nanodet 
2024-04-17 11:36:19 [36mINFO: [39m test-backend-node-wasm.js test sensitive 
2024-04-17 11:36:19 [35mSTATE:[39m test-backend-node-wasm.js start sensitive 
2024-04-17 11:36:20 [35mSTATE:[39m test-backend-node-wasm.js passed: load image: samples/in/ai-body.jpg [1,1200,1200,3] {"checksum":1038921856} 
2024-04-17 11:36:20 [35mSTATE:[39m test-backend-node-wasm.js event: image 
2024-04-17 11:36:20 [35mSTATE:[39m test-backend-node-wasm.js event: detect 
2024-04-17 11:36:20 [35mSTATE:[39m test-backend-node-wasm.js passed: detect: samples/in/ai-body.jpg sensitive 
2024-04-17 11:36:20 [32mDATA: [39m test-backend-node-wasm.js  result: face: 1 body: 1 hand: 2 gesture: 9 object: 0 person: 1 {"score":1,"age":23.6,"gender":"female"} {} {"score":0.92,"keypoints":17} 
2024-04-17 11:36:20 [32mDATA: [39m test-backend-node-wasm.js  result: performance: load: null total: 265 
2024-04-17 11:36:20 [35mSTATE:[39m test-backend-node-wasm.js passed: sensitive result match 
2024-04-17 11:36:20 [35mSTATE:[39m test-backend-node-wasm.js passed: sensitive face result match 
2024-04-17 11:36:20 [35mSTATE:[39m test-backend-node-wasm.js passed: sensitive face emotion result [{"score":0.48,"emotion":"angry"},{"score":0.31,"emotion":"fear"},{"score":0.11,"emotion":"neutral"}] 
2024-04-17 11:36:20 [35mSTATE:[39m test-backend-node-wasm.js passed: sensitive body result match 
2024-04-17 11:36:20 [35mSTATE:[39m test-backend-node-wasm.js passed: sensitive hand result match 
2024-04-17 11:36:20 [36mINFO: [39m test-backend-node-wasm.js test body 
2024-04-17 11:36:20 [35mSTATE:[39m test-backend-node-wasm.js start blazepose 
2024-04-17 11:36:22 [35mSTATE:[39m test-backend-node-wasm.js passed: load image: samples/in/ai-body.jpg [1,1200,1200,3] {"checksum":1038921856} 
2024-04-17 11:36:22 [35mSTATE:[39m test-backend-node-wasm.js event: image 
2024-04-17 11:36:23 [35mSTATE:[39m test-backend-node-wasm.js event: detect 
2024-04-17 11:36:23 [35mSTATE:[39m test-backend-node-wasm.js passed: detect: samples/in/ai-body.jpg blazepose 
2024-04-17 11:36:23 [32mDATA: [39m test-backend-node-wasm.js  result: face: 1 body: 1 hand: 2 gesture: 9 object: 0 person: 1 {"score":1,"age":23.6,"gender":"female"} {} {"score":0.99,"keypoints":39} 
2024-04-17 11:36:23 [32mDATA: [39m test-backend-node-wasm.js  result: performance: load: null total: 420 
2024-04-17 11:36:23 [35mSTATE:[39m test-backend-node-wasm.js passed: blazepose 
2024-04-17 11:36:23 [35mSTATE:[39m test-backend-node-wasm.js start efficientpose 
2024-04-17 11:36:23 [35mSTATE:[39m test-backend-node-wasm.js passed: load image: samples/in/ai-body.jpg [1,1200,1200,3] {"checksum":1038921856} 
2024-04-17 11:36:23 [35mSTATE:[39m test-backend-node-wasm.js event: image 
2024-04-17 11:36:24 [35mSTATE:[39m test-backend-node-wasm.js event: detect 
2024-04-17 11:36:24 [35mSTATE:[39m test-backend-node-wasm.js passed: detect: samples/in/ai-body.jpg efficientpose 
2024-04-17 11:36:24 [32mDATA: [39m test-backend-node-wasm.js  result: face: 1 body: 1 hand: 2 gesture: 9 object: 0 person: 1 {"score":1,"age":23.6,"gender":"female"} {} {"score":0.75,"keypoints":13} 
2024-04-17 11:36:24 [32mDATA: [39m test-backend-node-wasm.js  result: performance: load: null total: 639 
2024-04-17 11:36:24 [35mSTATE:[39m test-backend-node-wasm.js passed: efficientpose 
2024-04-17 11:36:24 [35mSTATE:[39m test-backend-node-wasm.js start posenet 
2024-04-17 11:36:24 [35mSTATE:[39m test-backend-node-wasm.js passed: load image: samples/in/ai-body.jpg [1,1200,1200,3] {"checksum":1038921856} 
2024-04-17 11:36:24 [35mSTATE:[39m test-backend-node-wasm.js event: image 
2024-04-17 11:36:25 [35mSTATE:[39m test-backend-node-wasm.js event: detect 
2024-04-17 11:36:25 [35mSTATE:[39m test-backend-node-wasm.js passed: detect: samples/in/ai-body.jpg posenet 
2024-04-17 11:36:25 [32mDATA: [39m test-backend-node-wasm.js  result: face: 1 body: 1 hand: 2 gesture: 9 object: 0 person: 1 {"score":1,"age":23.6,"gender":"female"} {} {"score":0.96,"keypoints":16} 
2024-04-17 11:36:25 [32mDATA: [39m test-backend-node-wasm.js  result: performance: load: null total: 249 
2024-04-17 11:36:25 [35mSTATE:[39m test-backend-node-wasm.js passed: posenet 
2024-04-17 11:36:25 [35mSTATE:[39m test-backend-node-wasm.js start movenet 
2024-04-17 11:36:25 [35mSTATE:[39m test-backend-node-wasm.js passed: load image: samples/in/ai-body.jpg [1,1200,1200,3] {"checksum":1038921856} 
2024-04-17 11:36:25 [35mSTATE:[39m test-backend-node-wasm.js event: image 
2024-04-17 11:36:25 [35mSTATE:[39m test-backend-node-wasm.js event: detect 
2024-04-17 11:36:25 [35mSTATE:[39m test-backend-node-wasm.js passed: detect: samples/in/ai-body.jpg movenet 
2024-04-17 11:36:25 [32mDATA: [39m test-backend-node-wasm.js  result: face: 1 body: 1 hand: 2 gesture: 9 object: 0 person: 1 {"score":1,"age":23.6,"gender":"female"} {} {"score":0.92,"keypoints":17} 
2024-04-17 11:36:25 [32mDATA: [39m test-backend-node-wasm.js  result: performance: load: null total: 199 
2024-04-17 11:36:25 [35mSTATE:[39m test-backend-node-wasm.js passed: movenet 
2024-04-17 11:36:25 [36mINFO: [39m test-backend-node-wasm.js test face matching 
2024-04-17 11:36:25 [35mSTATE:[39m test-backend-node-wasm.js passed: face database 40 
2024-04-17 11:36:25 [35mSTATE:[39m test-backend-node-wasm.js passed: face match {"first":{"index":4,"similarity":0.7809387520942629}} {"second":{"index":4,"similarity":0.5025797380487055}} {"third":{"index":4,"similarity":0.5405998720458203}} 
2024-04-17 11:36:25 [36mINFO: [39m test-backend-node-wasm.js test face similarity alternative 
2024-04-17 11:36:25 [35mSTATE:[39m test-backend-node-wasm.js start face embeddings 
2024-04-17 11:36:26 [35mSTATE:[39m test-backend-node-wasm.js passed: load image: samples/in/ai-face.jpg [1,256,256,3] {"checksum":34697856} 
2024-04-17 11:36:26 [35mSTATE:[39m test-backend-node-wasm.js event: image 
2024-04-17 11:36:26 [35mSTATE:[39m test-backend-node-wasm.js event: detect 
2024-04-17 11:36:26 [35mSTATE:[39m test-backend-node-wasm.js passed: detect: samples/in/ai-face.jpg face embeddings 
2024-04-17 11:36:26 [32mDATA: [39m test-backend-node-wasm.js  result: face: 1 body: 1 hand: 2 gesture: 8 object: 0 person: 1 {"score":1,"age":23.6,"gender":"female"} {} {"score":0.47,"keypoints":3} 
2024-04-17 11:36:26 [32mDATA: [39m test-backend-node-wasm.js  result: performance: load: null total: 289 
2024-04-17 11:36:26 [35mSTATE:[39m test-backend-node-wasm.js passed: mobilefacenet {"embedding":192} 
2024-04-17 11:36:26 [35mSTATE:[39m test-backend-node-wasm.js start face embeddings 
2024-04-17 11:36:27 [35mSTATE:[39m test-backend-node-wasm.js passed: load image: samples/in/ai-face.jpg [1,256,256,3] {"checksum":34697856} 
2024-04-17 11:36:27 [35mSTATE:[39m test-backend-node-wasm.js event: image 
2024-04-17 11:36:27 [35mSTATE:[39m test-backend-node-wasm.js event: detect 
2024-04-17 11:36:27 [35mSTATE:[39m test-backend-node-wasm.js passed: detect: samples/in/ai-face.jpg face embeddings 
2024-04-17 11:36:27 [32mDATA: [39m test-backend-node-wasm.js  result: face: 1 body: 1 hand: 2 gesture: 8 object: 0 person: 1 {"score":1,"age":23.6,"gender":"female"} {} {"score":0.47,"keypoints":3} 
2024-04-17 11:36:27 [32mDATA: [39m test-backend-node-wasm.js  result: performance: load: null total: 259 
2024-04-17 11:36:27 [35mSTATE:[39m test-backend-node-wasm.js passed: insightface {"embedding":512} 
2024-04-17 11:36:27 [36mINFO: [39m test-backend-node-wasm.js test face attention 
2024-04-17 11:36:27 [35mSTATE:[39m test-backend-node-wasm.js start face attention 
2024-04-17 11:36:27 [35mSTATE:[39m test-backend-node-wasm.js passed: load image: samples/in/ai-face.jpg [1,256,256,3] {"checksum":34697856} 
2024-04-17 11:36:27 [35mSTATE:[39m test-backend-node-wasm.js event: image 
2024-04-17 11:36:28 [31mERROR:[39m test-backend-node-wasm.js failed: testDetect face attention 
2024-04-17 11:36:28 [31mERROR:[39m test-backend-node-wasm.js uncaughtException {"name":"Error","message":"BatchMatMul for non non-float32 tensors not yet supported.","stack":["Error: BatchMatMul for non non-float32 tensors not yet supported.","    at Object.batchMatMul [as kernelFunc] (/home/vlado/dev/human/node_modules/.pnpm/@tensorflow+tfjs-backend-wasm@4.17.0_@tensorflow+tfjs-core@4.17.0/node_modules/@tensorflow/tfjs-backend-wasm/dist/tf-backend-wasm.node.js:1280:15)","    at kernelFunc (/home/vlado/dev/human/node_modules/.pnpm/@tensorflow+tfjs-core@4.17.0/node_modules/@tensorflow/tfjs-core/dist/tf-core.node.js:4707:32)","    at /home/vlado/dev/human/node_modules/.pnpm/@tensorflow+tfjs-core@4.17.0/node_modules/@tensorflow/tfjs-core/dist/tf-core.node.js:4767:27","    at Engine.scopedRun (/home/vlado/dev/human/node_modules/.pnpm/@tensorflow+tfjs-core@4.17.0/node_modules/@tensorflow/tfjs-core/dist/tf-core.node.js:4572:23)","    at Engine.runKernelFunc (/home/vlado/dev/human/node_modules/.pnpm/@tensorflow+tfjs-core@4.17.0/node_modules/@tensorflow/tfjs-core/dist/tf-core.node.js:4763:14)","    at Engine.runKernel (/home/vlado/dev/human/node_modules/.pnpm/@tensorflow+tfjs-core@4.17.0/node_modules/@tensorflow/tfjs-core/dist/tf-core.node.js:4636:21)","    at matMul_ (/home/vlado/dev/human/node_modules/.pnpm/@tensorflow+tfjs-converter@4.17.0_@tensorflow+tfjs-core@4.17.0/node_modules/@tensorflow/tfjs-converter/dist/tf-converter.node.js:13411:19)","    at Object.matMul__op [as matMul] (/home/vlado/dev/human/node_modules/.pnpm/@tensorflow+tfjs-converter@4.17.0_@tensorflow+tfjs-core@4.17.0/node_modules/@tensorflow/tfjs-converter/dist/tf-converter.node.js:12220:29)","    at executeOp$9 (/home/vlado/dev/human/node_modules/.pnpm/@tensorflow+tfjs-converter@4.17.0_@tensorflow+tfjs-core@4.17.0/node_modules/@tensorflow/tfjs-converter/dist/tf-converter.node.js:29615:25)","    at /home/vlado/dev/human/node_modules/.pnpm/@tensorflow+tfjs-converter@4.17.0_@tensorflow+tfjs-core@4.17.0/node_modules/@tensorflow/tfjs-converter/dist/tf-converter.node.js:30195:50"]} 
2024-04-17 11:36:28 [35mSTATE:[39m all tests complete 
2024-04-17 11:36:28 [36mINFO: [39m   status {"test":"../demo/nodejs/node.js","passed":1,"failed":0} 
2024-04-17 11:36:28 [36mINFO: [39m   status {"test":"../demo/nodejs/node-simple.js","passed":1,"failed":0} 
2024-04-17 11:36:28 [36mINFO: [39m   status {"test":"../demo/nodejs/node-event.js","passed":1,"failed":0} 
2024-04-17 11:36:28 [36mINFO: [39m   status {"test":"../demo/nodejs/node-similarity.js","passed":1,"failed":0} 
2024-04-17 11:36:28 [36mINFO: [39m   status {"test":"../demo/nodejs/node-canvas.js","passed":1,"failed":0} 
2024-04-17 11:36:28 [36mINFO: [39m   status {"test":"../demo/nodejs/process-folder.js","passed":1,"failed":0} 
2024-04-17 11:36:28 [36mINFO: [39m   status {"test":"../demo/multithread/node-multiprocess.js","passed":1,"failed":0} 
2024-04-17 11:36:28 [36mINFO: [39m   status {"test":"../demo/facematch/node-match.js","passed":1,"failed":0} 
2024-04-17 11:36:28 [36mINFO: [39m   status {"test":"../demo/nodejs/node-bench.js","passed":1,"failed":0} 
2024-04-17 11:36:28 [36mINFO: [39m   status {"test":"../test/test-node-emotion.js","passed":1,"failed":0} 
2024-04-17 11:36:28 [36mINFO: [39m   status {"test":"test-node-load.js","passed":1,"failed":0} 
2024-04-17 11:36:28 [36mINFO: [39m   status {"test":"test-node-gear.js","passed":4,"failed":0} 
2024-04-17 11:36:28 [36mINFO: [39m   status {"test":"test-backend-node.js","passed":125,"failed":0} 
2024-04-17 11:36:28 [36mINFO: [39m   status {"test":"test-backend-node-gpu.js","passed":125,"failed":0} 
2024-04-17 11:36:28 [36mINFO: [39m   status {"test":"test-backend-node-wasm.js","passed":92,"failed":1} 
2024-04-17 11:36:28 [36mINFO: [39m failures {"count":1} 
2024-04-17 11:36:28 [33mWARN: [39m   failed {"test":"test-backend-node-wasm.js","message":["error",["failed:","testDetect face attention"]]} 
